Microchip MPLAB XC8 Compiler V2.05 ()

Linker command line:

-W-3 --edf=/Applications/microchip/xc8/v2.05/pic/dat/en_msgs.txt -cs \
  -h+dist/default/production/Robot.X.production.sym \
  --cmf=dist/default/production/Robot.X.production.cmf -z -Q18F4620 \
  -o/tmp/xcxChTsk0 --defsym=__MPLAB_BUILD=1 \
  -Mdist/default/production/Robot.X.production.map -E1 -ver=XC8 \
  --acfsm=1493 -ASTACK=0107h-0F7Fh -pstack=STACK -ACODE=00h-0FFFFh \
  -ACONST=00h-0FFFFh -ASMALLCONST=01000h-010FFhx240 \
  -AMEDIUMCONST=01000h-0FFFFh -ACOMRAM=01h-07Fh -AABS1=00h-0F7Fh \
  -ABIGRAM=01h-0F7Fh -ARAM=080h-0FFh,0100h-01FFhx14,0F00h-0F7Fh \
  -ABANK0=080h-0FFh -ABANK1=0100h-01FFh -ABANK2=0200h-02FFh \
  -ABANK3=0300h-03FFh -ABANK4=0400h-04FFh -ABANK5=0500h-05FFh \
  -ABANK6=0600h-06FFh -ABANK7=0700h-07FFh -ABANK8=0800h-08FFh \
  -ABANK9=0900h-09FFh -ABANK10=0A00h-0AFFh -ABANK11=0B00h-0BFFh \
  -ABANK12=0C00h-0CFFh -ABANK13=0D00h-0DFFh -ABANK14=0E00h-0EFFh \
  -ABANK15=0F00h-0F7Fh -ASFR=0F80h-0FFFh \
  -preset_vec=00h,intcode=08h,intcodelo,powerup,init -pramtop=01000h \
  -psmallconst=SMALLCONST -pmediumconst=MEDIUMCONST -pconst=CONST \
  -AFARRAM=00h-00h -ACONFIG=0300000h-030000Dh -pconfig=CONFIG \
  -AIDLOC=0200000h-0200007h -pidloc=IDLOC -AEEDATA=0F00000h-0F003FFh \
  -peeprom_data=EEDATA \
  -prdata=COMRAM,nvrram=COMRAM,nvbit=COMRAM,rbss=COMRAM,rbit=COMRAM \
  -pfarbss=FARRAM,fardata=FARRAM,nvFARRAM=FARRAM \
  -pintsave_regs=BIGRAM,bigbss=BIGRAM,bigdata=BIGRAM -pbss=RAM \
  -pidata=CODE,irdata=CODE,ibigdata=CODE,ifardata=CODE -prparam=COMRAM \
  /tmp/xc7L0LYEG.o dist/default/production/Robot.X.production.o 

Object code version is 3.11

Machine type is 18F4620

Call graph: (short form)




                Name                               Link     Load   Length Selector   Space Scale
/tmp/xc7L0LYEG.o
                init                                  E        E        4        4       0
                reset_vec                             0        0        4        0       0
                idloc                            200000   200000        8   200000       0
                config                           300000   300000        E   300000       0
dist/default/production/Robot.X.production.o
                intcode                               8        8        6        4       0
                temp                                 74       74        1        1       1
                smallconst                         1000     1000       C4      800       0
                intcode_body                       1A42     1A42       AC      862       0
                text18                             1E2E     1E2E       2A      862       0
                text17                             1E80     1E80       16      862       0
                text16                             1E96     1E96       12      862       0
                text15                             1EB4     1EB4        C      862       0
                text14                             1BF0     1BF0       6A      862       0
                text13                             1EA8     1EA8        C      862       0
                text12                             1B84     1B84       6C      862       0
                text11                             1D9A     1D9A       38      862       0
                text10                             1E04     1E04       2A      862       0
                text9                              1AEE     1AEE       96      862       0
                text8                              1D02     1D02       4E      862       0
                text7                              17D6     17D6      148      862       0
                text6                              191E     191E      124      862       0
                text5                              1DD2     1DD2       32      862       0
                text4                              13AE     13AE      242      862       0
                text3                              15F0     15F0      1E6      862       0
                text2                              1CB0     1CB0       52      862       0
                text1                              1E58     1E58       28      862       0
                text0                              10C4     10C4      2EA      862       0
                cstackCOMRAM                          1        1       6B        1       1
                cstackBANK0                          F8       F8        6       80       1
                cstackBANK1                         100      100        7      100       1
                dataBANK0                            80       80       56       80       1
                bssBANK0                             D6       D6       22       80       1
                bssCOMRAM                            6C       6C        8        1       1
                cinit                              1D50     1D50       4A      862       0
                idataBANK0                         1C5A     1C5A       56      862       0

TOTAL           Name                               Link     Load   Length     Space
        CLASS   STACK          

        CLASS   CODE           
                intcode                               8        8        6         0
                init                                  E        E        4         0
                reset_vec                             0        0        4         0
                intcode_body                       1A42     1A42       AC         0
                text18                             1E2E     1E2E       2A         0
                text17                             1E80     1E80       16         0
                text16                             1E96     1E96       12         0
                text15                             1EB4     1EB4        C         0
                text14                             1BF0     1BF0       6A         0
                text13                             1EA8     1EA8        C         0
                text12                             1B84     1B84       6C         0
                text11                             1D9A     1D9A       38         0
                text10                             1E04     1E04       2A         0
                text9                              1AEE     1AEE       96         0
                text8                              1D02     1D02       4E         0
                text7                              17D6     17D6      148         0
                text6                              191E     191E      124         0
                text5                              1DD2     1DD2       32         0
                text4                              13AE     13AE      242         0
                text3                              15F0     15F0      1E6         0
                text2                              1CB0     1CB0       52         0
                text1                              1E58     1E58       28         0
                text0                              10C4     10C4      2EA         0
                cinit                              1D50     1D50       4A         0
                idataBANK0                         1C5A     1C5A       56         0

        CLASS   CONST          

        CLASS   SMALLCONST     
                smallconst                         1000     1000       C4         0

        CLASS   MEDIUMCONST    

        CLASS   COMRAM         
                temp                                 74       74        1         1
                cstackCOMRAM                          1        1       6B         1
                bssCOMRAM                            6C       6C        8         1

        CLASS   ABS1           

        CLASS   BIGRAM         

        CLASS   RAM            

        CLASS   BANK0          
                cstackBANK0                          F8       F8        6         1
                dataBANK0                            80       80       56         1
                bssBANK0                             D6       D6       22         1

        CLASS   BANK1          
                cstackBANK1                         100      100        7         1

        CLASS   BANK2          

        CLASS   BANK3          

        CLASS   BANK4          

        CLASS   BANK5          

        CLASS   BANK6          

        CLASS   BANK7          

        CLASS   BANK8          

        CLASS   BANK9          

        CLASS   BANK10         

        CLASS   BANK11         

        CLASS   BANK12         

        CLASS   BANK13         

        CLASS   BANK14         

        CLASS   BANK15         

        CLASS   SFR            

        CLASS   FARRAM         

        CLASS   CONFIG         
                config                           300000   300000        E         0

        CLASS   IDLOC          
                idloc                            200000   200000        8         0

        CLASS   EEDATA         



SEGMENTS        Name                           Load    Length   Top    Selector   Space  Class

                reset_vec                      000000  000004  000004         0       0  CODE    
                cstackBANK1                    000100  000007  000107       100       1  BANK1   
                text0                          0010C4  000DFC  001EC0       862       0  CODE    
                dataBANK0                      000080  00007E  0000FE        80       1  BANK0   
                cstackCOMRAM                   000001  000074  000075         1       1  COMRAM  
                intcode                        000008  00000A  000012         4       0  CODE    
                idloc                          200000  000008  200008    200000       0  IDLOC   
                config                         300000  00000E  30000E    300000       0  CONFIG  
                smallconst                     001000  0000C4  0010C4       800       0  SMALLCON


UNUSED ADDRESS RANGES

        Name                Unused          Largest block    Delta
        BANK0            0000FE-0000FF                2
        BANK1            000107-0001FF               F9
        BANK10           000A00-000AFF              100
        BANK11           000B00-000BFF              100
        BANK12           000C00-000CFF              100
        BANK13           000D00-000DFF              100
        BANK14           000E00-000EFF              100
        BANK15           000F00-000F7F               80
        BANK2            000200-0002FF              100
        BANK3            000300-0003FF              100
        BANK4            000400-0004FF              100
        BANK5            000500-0005FF              100
        BANK6            000600-0006FF              100
        BANK7            000700-0007FF              100
        BANK8            000800-0008FF              100
        BANK9            000900-0009FF              100
        BIGRAM           000075-00007F                B
                         0000FE-0000FF                2
                         000107-000F7F              E79
        CODE             000004-000007                4
                         000012-000FFF              FEE
                         001EC0-00FFFF             E140
        COMRAM           000075-00007F                B
        CONST            000004-000007                4
                         000012-000FFF              FEE
                         001EC0-00FFFF             E140
        EEDATA           F00000-F003FF              400
        MEDIUMCONST      001EC0-00FFFF             E140
        RAM              0000FE-0000FF                2
                         000107-000F7F              100
        SFR              000F80-000FFF               80
        SMALLCONST       001EC0-00FFFF              100
        STACK            000107-000F7F              E79

                                  Symbol Table

?___aodiv                  cstackCOMRAM 00000C
?___aomod                  cstackCOMRAM 00000C
?_abs                      cstackCOMRAM 00001E
?_ctoa                     cstackCOMRAM 00002B
?_dtoa                     cstackCOMRAM 00002B
?_pad                      cstackCOMRAM 000020
?_printf                   cstackCOMRAM 000068
?_strlen                   cstackCOMRAM 00000C
?_vfpfcnvrt                cstackCOMRAM 00004F
?_vfprintf                 cstackCOMRAM 000060
_ADCON1                    (abs)        000FC1
_BallDispensed             dataBANK0    000080
_Canister                  dataBANK0    0000D2
_DistanceCanister          dataBANK0    000094
_FinalState                dataBANK0    0000A8
_INT1IE                    (abs)        007F83
_INT1IF                    (abs)        007F80
_INTCONbits                (abs)        000FF2
_InitialState              dataBANK0    0000BC
_LATD                      (abs)        000F8C
_LATDbits                  (abs)        000F8C
_LCD_SIZE_HORZ             smallconst   001017
_LCD_SIZE_VERT             smallconst   001016
_PORTB                     (abs)        000F81
_TRISD                     (abs)        000F95
__CFG_BOREN$SBORDIS        (abs)        000000
__CFG_BORV$3               (abs)        000000
__CFG_CCP2MX$PORTC         (abs)        000000
__CFG_CP0$OFF              (abs)        000000
__CFG_CP1$OFF              (abs)        000000
__CFG_CP2$OFF              (abs)        000000
__CFG_CP3$OFF              (abs)        000000
__CFG_CPB$OFF              (abs)        000000
__CFG_CPD$ON               (abs)        000000
__CFG_EBTR0$OFF            (abs)        000000
__CFG_EBTR1$OFF            (abs)        000000
__CFG_EBTR2$OFF            (abs)        000000
__CFG_EBTR3$OFF            (abs)        000000
__CFG_EBTRB$OFF            (abs)        000000
__CFG_FCMEN$OFF            (abs)        000000
__CFG_IESO$OFF             (abs)        000000
__CFG_LPT1OSC$OFF          (abs)        000000
__CFG_LVP$OFF              (abs)        000000
__CFG_MCLRE$ON             (abs)        000000
__CFG_OSC$HS               (abs)        000000
__CFG_PBADEN$ON            (abs)        000000
__CFG_PWRT$OFF             (abs)        000000
__CFG_STVREN$ON            (abs)        000000
__CFG_WDT$OFF              (abs)        000000
__CFG_WDTPS$32768          (abs)        000000
__CFG_WRT0$OFF             (abs)        000000
__CFG_WRT1$OFF             (abs)        000000
__CFG_WRT2$OFF             (abs)        000000
__CFG_WRT3$OFF             (abs)        000000
__CFG_WRTB$OFF             (abs)        000000
__CFG_WRTC$OFF             (abs)        000000
__CFG_WRTD$OFF             (abs)        000000
__CFG_XINST$OFF            (abs)        000000
__HRAM                     (abs)        000000
__Habs1                    abs1         000000
__Hbank0                   bank0        000000
__Hbank1                   bank1        000000
__Hbank10                  bank10       000000
__Hbank11                  bank11       000000
__Hbank12                  bank12       000000
__Hbank13                  bank13       000000
__Hbank14                  bank14       000000
__Hbank15                  bank15       000000
__Hbank2                   bank2        000000
__Hbank3                   bank3        000000
__Hbank4                   bank4        000000
__Hbank5                   bank5        000000
__Hbank6                   bank6        000000
__Hbank7                   bank7        000000
__Hbank8                   bank8        000000
__Hbank9                   bank9        000000
__Hbigbss                  bigbss       000000
__Hbigdata                 bigdata      000000
__Hbigram                  bigram       000000
__Hbss                     bss          000000
__HbssBANK0                bssBANK0     000000
__HbssCOMRAM               bssCOMRAM    000000
__Hcinit                   cinit        000000
__Hclrtext                 clrtext      000000
__Hcomram                  comram       000000
__Hconfig                  config       30000E
__Hconst                   const        000000
__HcstackBANK0             cstackBANK0  000000
__HcstackBANK1             cstackBANK1  000000
__HcstackCOMRAM            cstackCOMRAM 000000
__Hdata                    data         000000
__HdataBANK0               dataBANK0    000000
__Heeprom_data             eeprom_data  000000
__Hfarbss                  farbss       000000
__Hfardata                 fardata      000000
__Hibigdata                ibigdata     000000
__Hidata                   idata        000000
__HidataBANK0              idataBANK0   000000
__Hidloc                   idloc        200008
__Hifardata                ifardata     000000
__Hinit                    init         000012
__Hintcode                 intcode      00000E
__Hintcode_body            intcode_body 000000
__Hintcodelo               intcodelo    00000E
__Hintentry                intentry     000000
__Hintret                  intret       000000
__Hintsave_regs            intsave_regs 000000
__Hirdata                  irdata       000000
__Hmediumconst             mediumconst  000000
__HnvFARRAM                nvFARRAM     000000
__Hnvbit                   nvbit        000000
__Hnvrram                  nvrram       000000
__Hparam                   rparam       000000
__Hpowerup                 powerup      00000E
__Hram                     ram          000000
__Hramtop                  ramtop       001000
__Hrbit                    rbit         000000
__Hrbss                    rbss         000000
__Hrdata                   rdata        000000
__Hreset_vec               reset_vec    000004
__Hrparam                  rparam       000000
__Hsfr                     sfr          000000
__Hsmallconst              smallconst   0010C4
__Hspace_0                 (abs)        30000E
__Hspace_1                 (abs)        000107
__Hspace_2                 (abs)        000000
__Hstack                   stack        000000
__Hstruct                  struct       000000
__Htemp                    temp         000075
__Htext                    text         000000
__Htext0                   text0        000000
__Htext1                   text1        000000
__Htext10                  text10       000000
__Htext11                  text11       000000
__Htext12                  text12       000000
__Htext13                  text13       000000
__Htext14                  text14       000000
__Htext15                  text15       000000
__Htext16                  text16       000000
__Htext17                  text17       000000
__Htext18                  text18       000000
__Htext2                   text2        000000
__Htext3                   text3        000000
__Htext4                   text4        000000
__Htext5                   text5        000000
__Htext6                   text6        000000
__Htext7                   text7        000000
__Htext8                   text8        000000
__Htext9                   text9        000000
__LRAM                     (abs)        000001
__Labs1                    abs1         000000
__Lbank0                   bank0        000000
__Lbank1                   bank1        000000
__Lbank10                  bank10       000000
__Lbank11                  bank11       000000
__Lbank12                  bank12       000000
__Lbank13                  bank13       000000
__Lbank14                  bank14       000000
__Lbank15                  bank15       000000
__Lbank2                   bank2        000000
__Lbank3                   bank3        000000
__Lbank4                   bank4        000000
__Lbank5                   bank5        000000
__Lbank6                   bank6        000000
__Lbank7                   bank7        000000
__Lbank8                   bank8        000000
__Lbank9                   bank9        000000
__Lbigbss                  bigbss       000000
__Lbigdata                 bigdata      000000
__Lbigram                  bigram       000000
__Lbss                     bss          000000
__LbssBANK0                bssBANK0     000000
__LbssCOMRAM               bssCOMRAM    000000
__Lcinit                   cinit        000000
__Lclrtext                 clrtext      000000
__Lcomram                  comram       000000
__Lconfig                  config       300000
__Lconst                   const        000000
__LcstackBANK0             cstackBANK0  000000
__LcstackBANK1             cstackBANK1  000000
__LcstackCOMRAM            cstackCOMRAM 000000
__Ldata                    data         000000
__LdataBANK0               dataBANK0    000000
__Leeprom_data             eeprom_data  000000
__Lfarbss                  farbss       000000
__Lfardata                 fardata      000000
__Libigdata                ibigdata     000000
__Lidata                   idata        000000
__LidataBANK0              idataBANK0   000000
__Lidloc                   idloc        200000
__Lifardata                ifardata     000000
__Linit                    init         00000E
__Lintcode                 intcode      000008
__Lintcode_body            intcode_body 000000
__Lintcodelo               intcodelo    00000E
__Lintentry                intentry     000000
__Lintret                  intret       000000
__Lintsave_regs            intsave_regs 000000
__Lirdata                  irdata       000000
__Lmediumconst             mediumconst  000000
__LnvFARRAM                nvFARRAM     000000
__Lnvbit                   nvbit        000000
__Lnvrram                  nvrram       000000
__Lparam                   rparam       000000
__Lpowerup                 powerup      00000E
__Lram                     ram          000000
__Lramtop                  ramtop       001000
__Lrbit                    rbit         000000
__Lrbss                    rbss         000000
__Lrdata                   rdata        000000
__Lreset_vec               reset_vec    000000
__Lrparam                  rparam       000000
__Lsfr                     sfr          000000
__Lsmallconst              smallconst   001000
__Lspace_0                 (abs)        000000
__Lspace_1                 (abs)        000000
__Lspace_2                 (abs)        000000
__Lstack                   stack        000000
__Lstruct                  struct       000000
__Ltemp                    temp         000074
__Ltext                    text         000000
__Ltext0                   text0        000000
__Ltext1                   text1        000000
__Ltext10                  text10       000000
__Ltext11                  text11       000000
__Ltext12                  text12       000000
__Ltext13                  text13       000000
__Ltext14                  text14       000000
__Ltext15                  text15       000000
__Ltext16                  text16       000000
__Ltext17                  text17       000000
__Ltext18                  text18       000000
__Ltext2                   text2        000000
__Ltext3                   text3        000000
__Ltext4                   text4        000000
__Ltext5                   text5        000000
__Ltext6                   text6        000000
__Ltext7                   text7        000000
__Ltext8                   text8        000000
__Ltext9                   text9        000000
__S0                       (abs)        30000E
__S1                       (abs)        000107
__S2                       (abs)        000000
___aodiv                   text7        0017D6
___aodiv@counter           cstackCOMRAM 00001C
___aodiv@dividend          cstackCOMRAM 00000C
___aodiv@divisor           cstackCOMRAM 000014
___aodiv@quotient          cstackCOMRAM 00001E
___aodiv@sign              cstackCOMRAM 00001D
___aomod                   text6        00191E
___aomod@counter           cstackCOMRAM 00001C
___aomod@dividend          cstackCOMRAM 00000C
___aomod@divisor           cstackCOMRAM 000014
___aomod@sign              cstackCOMRAM 00001D
___inthi_sp                stack        000000
___intlo_sp                stack        000000
___param_bank              (abs)        000000
___rparam_used             (abs)        000001
___sp                      stack        000000
__accesstop                (abs)        000080
__activetblptr             (abs)        000001
__end_of_LCD_LINE1_ADDR    smallconst   001016
__end_of_LCD_LINE2_ADDR    smallconst   001015
__end_of_LCD_LINE3_ADDR    smallconst   001014
__end_of_LCD_LINE4_ADDR    smallconst   001013
__end_of_LCD_SIZE_HORZ     smallconst   001018
__end_of_LCD_SIZE_VERT     smallconst   001017
__end_of___aodiv           text7        00191E
__end_of___aomod           text6        001A42
__end_of__initialization   cinit        001D88
__end_of_abs               text5        001E04
__end_of_ctoa              text8        001D50
__end_of_dtoa              text4        0015F0
__end_of_fputc             text12       001BF0
__end_of_fputs             text11       001DD2
__end_of_initLCD           text14       001C5A
__end_of_interruptHandler  intcode_body 001AEE
__end_of_keys              smallconst   001012
__end_of_lcdInst           text15       001EC0
__end_of_main              text0        0013AE
__end_of_pad               text9        001B84
__end_of_printf            text1        001E80
__end_of_pulse_e           text18       001E58
__end_of_putch             text13       001EB4
__end_of_send_byte         text16       001EA8
__end_of_send_nibble       text17       001E96
__end_of_strlen            text10       001E2E
__end_of_vfpfcnvrt         text3        0017D6
__end_of_vfprintf          text2        001D02
__initialization           cinit        001D50
__mediumconst              mediumconst  000000
__pbssBANK0                bssBANK0     0000D6
__pbssCOMRAM               bssCOMRAM    00006C
__pcinit                   cinit        001D50
__pcstackBANK0             cstackBANK0  0000F8
__pcstackBANK1             cstackBANK1  000100
__pcstackCOMRAM            cstackCOMRAM 000001
__pdataBANK0               dataBANK0    000080
__pidataBANK0              idataBANK0   001C5A
__pintcode                 intcode      000008
__pintcode_body            intcode_body 001A42
__psmallconst              smallconst   001000
__ptext0                   text0        0010C4
__ptext1                   text1        001E58
__ptext10                  text10       001E04
__ptext11                  text11       001D9A
__ptext12                  text12       001B84
__ptext13                  text13       001EA8
__ptext14                  text14       001BF0
__ptext15                  text15       001EB4
__ptext16                  text16       001E96
__ptext17                  text17       001E80
__ptext18                  text18       001E2E
__ptext2                   text2        001CB0
__ptext3                   text3        0015F0
__ptext4                   text4        0013AE
__ptext5                   text5        001DD2
__ptext6                   text6        00191E
__ptext7                   text7        0017D6
__ptext8                   text8        001D02
__ptext9                   text9        001AEE
__ramtop                   ramtop       001000
__size_of___aodiv          (abs)        000000
__size_of___aomod          (abs)        000000
__size_of_abs              (abs)        000000
__size_of_ctoa             (abs)        000000
__size_of_dtoa             (abs)        000000
__size_of_fputc            (abs)        000000
__size_of_fputs            (abs)        000000
__size_of_initLCD          (abs)        000000
__size_of_interruptHandler (abs)        000000
__size_of_lcdInst          (abs)        000000
__size_of_main             (abs)        000000
__size_of_pad              (abs)        000000
__size_of_printf           (abs)        000000
__size_of_pulse_e          (abs)        000000
__size_of_putch            (abs)        000000
__size_of_send_byte        (abs)        000000
__size_of_send_nibble      (abs)        000000
__size_of_strlen           (abs)        000000
__size_of_vfpfcnvrt        (abs)        000000
__size_of_vfprintf         (abs)        000000
__smallconst               smallconst   001000
_abs                       text5        001DD2
_balls                     dataBANK0    0000D0
_ctoa                      text8        001D02
_dbuf                      bssBANK0     0000D8
_dtoa                      text4        0013AE
_dtoa$308                  cstackCOMRAM 00003D
_exit_key                  bssBANK0     0000D6
_flags                     bssCOMRAM    000072
_fputc                     text12       001B84
_fputs                     text11       001D9A
_initLCD                   text14       001BF0
_interruptHandler          intcode      000008
_key_was_pressed           bssBANK0     0000D7
_keys                      smallconst   001001
_lcdInst                   text15       001EB4
_main                      text0        0010C4
_nout                      bssCOMRAM    00006C
_pad                       text9        001AEE
_prec                      bssCOMRAM    000070
_printf                    text1        001E58
_pulse_e                   text18       001E2E
_putch                     text13       001EA8
_send_byte                 text16       001E96
_send_nibble               text17       001E80
_strlen                    text10       001E04
_time                      dataBANK0    0000D4
_vfpfcnvrt                 text3        0015F0
_vfprintf                  text2        001CB0
_width                     bssCOMRAM    00006E
abs@a                      cstackCOMRAM 00001E
btemp                      temp         000074
ctoa@c                     cstackCOMRAM 00002D
ctoa@fp                    cstackCOMRAM 00002B
ctoa@w                     cstackCOMRAM 00002E
dtoa@d                     cstackCOMRAM 00002D
dtoa@fp                    cstackCOMRAM 00002B
dtoa@i                     cstackCOMRAM 00004D
dtoa@n                     cstackCOMRAM 000045
dtoa@p                     cstackCOMRAM 00003F
dtoa@s                     cstackCOMRAM 000043
dtoa@w                     cstackCOMRAM 000041
end_of_initialization      cinit        001D88
fputc@c                    cstackCOMRAM 000010
fputc@fp                   cstackCOMRAM 000012
fputs@c                    cstackCOMRAM 00001D
fputs@fp                   cstackCOMRAM 00001B
fputs@i                    cstackCOMRAM 00001E
fputs@s                    cstackCOMRAM 000019
int$flags                  temp         000074
int_func                   intcode_body 001A42
interruptHandler@i         cstackCOMRAM 000009
interruptHandler@keypress  cstackCOMRAM 00000B
intlevel0                  text         000000
intlevel1                  text         000000
intlevel2                  text         000000
intlevel3                  text         000000
lcdInst@data               cstackCOMRAM 00000F
main@clear                 cstackBANK1  000103
main@keypress              cstackBANK1  000102
main@state                 cstackBANK1  000105
main@tick                  cstackBANK1  000100
pad@buf                    cstackCOMRAM 000022
pad@fp                     cstackCOMRAM 000020
pad@i                      cstackCOMRAM 000027
pad@p                      cstackCOMRAM 000024
pad@w                      cstackCOMRAM 000029
printf@ap                  cstackBANK0  0000FA
printf@fmt                 cstackCOMRAM 000068
pulse_e@interruptState     cstackCOMRAM 00000C
putch@data                 cstackCOMRAM 00000F
send_byte@data             cstackCOMRAM 00000E
send_nibble@data           cstackCOMRAM 00000D
stackhi                    (abs)        000F7F
stacklo                    (abs)        000107
start                      init         00000E
start_initialization       cinit        001D50
strlen@a                   cstackCOMRAM 00000E
strlen@s                   cstackCOMRAM 00000C
ttemp5                     temp         000075
ttemp6                     temp         000078
ttemp7                     temp         00007C
vfpfcnvrt@ap               cstackCOMRAM 000053
vfpfcnvrt@c                cstackCOMRAM 00005F
vfpfcnvrt@fmt              cstackCOMRAM 000051
vfpfcnvrt@fp               cstackCOMRAM 00004F
vfpfcnvrt@ll               cstackCOMRAM 000057
vfprintf@ap                cstackCOMRAM 000064
vfprintf@cfmt              cstackCOMRAM 000066
vfprintf@fmt               cstackCOMRAM 000062
vfprintf@fp                cstackCOMRAM 000060
wtemp8                     temp         000075


FUNCTION INFORMATION:

 *************** function _main *****************
 Defined at:
		line 37 in file "main.c"
 Parameters:    Size  Location     Type
		None
 Auto vars:     Size  Location     Type
  keypress        1    2[BANK1 ] unsigned char 
  state           2    5[BANK1 ] int 
  clear           2    3[BANK1 ] int 
  tick            2    0[BANK1 ] int 
 Return value:  Size  Location     Type
                  1    wreg      void 
 Registers used:
		wreg, fsr1l, fsr1h, fsr2l, fsr2h, status,2, status,0, tblptrl, tblptrh, tblptru, cstack
 Tracked objects:
		On entry : 
		On exit  : 
		Unchanged: 
 Data sizes:     COMRAM   BANK0   BANK1   BANK2   BANK3   BANK4   BANK5   BANK6   BANK7   BANK8   BANK9  BANK10  BANK11  BANK12  BANK13  BANK14  BANK15
      Params:         0       0       0       0       0       0       0       0       0       0       0       0       0       0       0       0       0
      Locals:         0       0       7       0       0       0       0       0       0       0       0       0       0       0       0       0       0
      Temps:          0       2       0       0       0       0       0       0       0       0       0       0       0       0       0       0       0
      Totals:         0       2       7       0       0       0       0       0       0       0       0       0       0       0       0       0       0
Total ram usage:        9 bytes
 Hardware stack levels required when called:   12
 This function calls:
		_initLCD
		_lcdInst
		_printf
 This function is called by:
		Startup code after reset
 This function uses a non-reentrant model


 *************** function _printf *****************
 Defined at:
		line 5 in file "/Applications/microchip/xc8/v2.05/pic/sources/c99/common/printf.c"
 Parameters:    Size  Location     Type
  fmt             2  103[COMRAM] PTR const unsigned char 
		 -> STR_13(15), STR_12(12), STR_11(15), STR_10(12), 
		 -> STR_9(16), STR_8(9), STR_7(9), STR_6(11), 
		 -> STR_5(13), STR_4(15), STR_3(11), STR_2(15), 
		 -> STR_1(17), 
 Auto vars:     Size  Location     Type
  ap              2    2[BANK0 ] PTR void [1]
		 -> ?_printf(2), 
  ret             2    0        int 
 Return value:  Size  Location     Type
                  2  103[COMRAM] int 
 Registers used:
		wreg, fsr1l, fsr1h, fsr2l, fsr2h, status,2, status,0, tblptrl, tblptrh, tblptru, cstack
 Tracked objects:
		On entry : 
		On exit  : 
		Unchanged: 
 Data sizes:     COMRAM   BANK0   BANK1   BANK2   BANK3   BANK4   BANK5   BANK6   BANK7   BANK8   BANK9  BANK10  BANK11  BANK12  BANK13  BANK14  BANK15
      Params:         4       0       0       0       0       0       0       0       0       0       0       0       0       0       0       0       0
      Locals:         0       4       0       0       0       0       0       0       0       0       0       0       0       0       0       0       0
      Temps:          0       0       0       0       0       0       0       0       0       0       0       0       0       0       0       0       0
      Totals:         4       4       0       0       0       0       0       0       0       0       0       0       0       0       0       0       0
Total ram usage:        8 bytes
 Hardware stack levels used:    1
 Hardware stack levels required when called:   11
 This function calls:
		_vfprintf
 This function is called by:
		_main
 This function uses a non-reentrant model


 *************** function _vfprintf *****************
 Defined at:
		line 1368 in file "/Applications/microchip/xc8/v2.05/pic/sources/c99/common/doprnt.c"
 Parameters:    Size  Location     Type
  fp              2   95[COMRAM] PTR struct _IO_FILE
		 -> NULL(0), 
  fmt             2   97[COMRAM] PTR const unsigned char 
		 -> STR_13(15), STR_12(12), STR_11(15), STR_10(12), 
		 -> STR_9(16), STR_8(9), STR_7(9), STR_6(11), 
		 -> STR_5(13), STR_4(15), STR_3(11), STR_2(15), 
		 -> STR_1(17), 
  ap              2   99[COMRAM] PTR PTR void 
		 -> printf@ap(2), 
 Auto vars:     Size  Location     Type
  cfmt            2  101[COMRAM] PTR unsigned char 
		 -> STR_13(15), STR_12(12), STR_11(15), STR_10(12), 
		 -> STR_9(16), STR_8(9), STR_7(9), STR_6(11), 
		 -> STR_5(13), STR_4(15), STR_3(11), STR_2(15), 
		 -> STR_1(17), 
 Return value:  Size  Location     Type
                  2   95[COMRAM] int 
 Registers used:
		wreg, fsr1l, fsr1h, fsr2l, fsr2h, status,2, status,0, tblptrl, tblptrh, tblptru, cstack
 Tracked objects:
		On entry : 
		On exit  : 
		Unchanged: 
 Data sizes:     COMRAM   BANK0   BANK1   BANK2   BANK3   BANK4   BANK5   BANK6   BANK7   BANK8   BANK9  BANK10  BANK11  BANK12  BANK13  BANK14  BANK15
      Params:         6       0       0       0       0       0       0       0       0       0       0       0       0       0       0       0       0
      Locals:         2       0       0       0       0       0       0       0       0       0       0       0       0       0       0       0       0
      Temps:          0       0       0       0       0       0       0       0       0       0       0       0       0       0       0       0       0
      Totals:         8       0       0       0       0       0       0       0       0       0       0       0       0       0       0       0       0
Total ram usage:        8 bytes
 Hardware stack levels used:    1
 Hardware stack levels required when called:   10
 This function calls:
		_vfpfcnvrt
 This function is called by:
		_printf
 This function uses a non-reentrant model


 *************** function _vfpfcnvrt *****************
 Defined at:
		line 670 in file "/Applications/microchip/xc8/v2.05/pic/sources/c99/common/doprnt.c"
 Parameters:    Size  Location     Type
  fp              2   78[COMRAM] PTR struct _IO_FILE
		 -> NULL(0), 
  fmt             2   80[COMRAM] PTR PTR unsigned char 
		 -> vfprintf@cfmt(2), 
  ap              2   82[COMRAM] PTR PTR void 
		 -> printf@ap(2), 
 Auto vars:     Size  Location     Type
  ll              8   86[COMRAM] long long 
  llu             8    0        unsigned long long 
  f               4    0        unsigned long long 
  vp              3    0        PTR void 
  ct              3    0        unsigned char [3]
  cp              3    0        PTR unsigned char 
  i               2    0        int 
  done            2    0        int 
  c               1   94[COMRAM] unsigned char 
 Return value:  Size  Location     Type
                  2   78[COMRAM] int 
 Registers used:
		wreg, fsr1l, fsr1h, fsr2l, fsr2h, status,2, status,0, tblptrl, tblptrh, tblptru, cstack
 Tracked objects:
		On entry : 
		On exit  : 
		Unchanged: 
 Data sizes:     COMRAM   BANK0   BANK1   BANK2   BANK3   BANK4   BANK5   BANK6   BANK7   BANK8   BANK9  BANK10  BANK11  BANK12  BANK13  BANK14  BANK15
      Params:         6       0       0       0       0       0       0       0       0       0       0       0       0       0       0       0       0
      Locals:         9       0       0       0       0       0       0       0       0       0       0       0       0       0       0       0       0
      Temps:          2       0       0       0       0       0       0       0       0       0       0       0       0       0       0       0       0
      Totals:        17       0       0       0       0       0       0       0       0       0       0       0       0       0       0       0       0
Total ram usage:       17 bytes
 Hardware stack levels used:    1
 Hardware stack levels required when called:    9
 This function calls:
		_ctoa
		_dtoa
		_fputc
 This function is called by:
		_vfprintf
 This function uses a non-reentrant model


 *************** function _dtoa *****************
 Defined at:
		line 274 in file "/Applications/microchip/xc8/v2.05/pic/sources/c99/common/doprnt.c"
 Parameters:    Size  Location     Type
  fp              2   42[COMRAM] PTR struct _IO_FILE
		 -> NULL(0), 
  d               8   44[COMRAM] long long 
 Auto vars:     Size  Location     Type
  n               8   68[COMRAM] long long 
  i               2   76[COMRAM] int 
  s               2   66[COMRAM] int 
  w               2   64[COMRAM] int 
  p               2   62[COMRAM] int 
 Return value:  Size  Location     Type
                  2   42[COMRAM] int 
 Registers used:
		wreg, fsr1l, fsr1h, fsr2l, fsr2h, status,2, status,0, cstack
 Tracked objects:
		On entry : 
		On exit  : 
		Unchanged: 
 Data sizes:     COMRAM   BANK0   BANK1   BANK2   BANK3   BANK4   BANK5   BANK6   BANK7   BANK8   BANK9  BANK10  BANK11  BANK12  BANK13  BANK14  BANK15
      Params:        10       0       0       0       0       0       0       0       0       0       0       0       0       0       0       0       0
      Locals:        18       0       0       0       0       0       0       0       0       0       0       0       0       0       0       0       0
      Temps:          8       0       0       0       0       0       0       0       0       0       0       0       0       0       0       0       0
      Totals:        36       0       0       0       0       0       0       0       0       0       0       0       0       0       0       0       0
Total ram usage:       36 bytes
 Hardware stack levels used:    1
 Hardware stack levels required when called:    8
 This function calls:
		___aodiv
		___aomod
		_abs
		_pad
 This function is called by:
		_vfpfcnvrt
 This function uses a non-reentrant model


 *************** function _abs *****************
 Defined at:
		line 1 in file "/Applications/microchip/xc8/v2.05/pic/sources/c99/common/abs.c"
 Parameters:    Size  Location     Type
  a               2   29[COMRAM] int 
 Auto vars:     Size  Location     Type
		None
 Return value:  Size  Location     Type
                  2   29[COMRAM] int 
 Registers used:
		wreg, status,2, status,0
 Tracked objects:
		On entry : 
		On exit  : 
		Unchanged: 
 Data sizes:     COMRAM   BANK0   BANK1   BANK2   BANK3   BANK4   BANK5   BANK6   BANK7   BANK8   BANK9  BANK10  BANK11  BANK12  BANK13  BANK14  BANK15
      Params:         2       0       0       0       0       0       0       0       0       0       0       0       0       0       0       0       0
      Locals:         0       0       0       0       0       0       0       0       0       0       0       0       0       0       0       0       0
      Temps:          2       0       0       0       0       0       0       0       0       0       0       0       0       0       0       0       0
      Totals:         4       0       0       0       0       0       0       0       0       0       0       0       0       0       0       0       0
Total ram usage:        4 bytes
 Hardware stack levels used:    1
 Hardware stack levels required when called:    1
 This function calls:
		Nothing
 This function is called by:
		_dtoa
 This function uses a non-reentrant model


 *************** function ___aomod *****************
 Defined at:
		line 9 in file "/Applications/microchip/xc8/v2.05/pic/sources/c99/common/aomod.c"
 Parameters:    Size  Location     Type
  dividend        8   11[COMRAM] long long 
  divisor         8   19[COMRAM] long long 
 Auto vars:     Size  Location     Type
  sign            1   28[COMRAM] unsigned char 
  counter         1   27[COMRAM] unsigned char 
 Return value:  Size  Location     Type
                  8   11[COMRAM] long long 
 Registers used:
		wreg, status,2, status,0
 Tracked objects:
		On entry : 
		On exit  : 
		Unchanged: 
 Data sizes:     COMRAM   BANK0   BANK1   BANK2   BANK3   BANK4   BANK5   BANK6   BANK7   BANK8   BANK9  BANK10  BANK11  BANK12  BANK13  BANK14  BANK15
      Params:        16       0       0       0       0       0       0       0       0       0       0       0       0       0       0       0       0
      Locals:         2       0       0       0       0       0       0       0       0       0       0       0       0       0       0       0       0
      Temps:          0       0       0       0       0       0       0       0       0       0       0       0       0       0       0       0       0
      Totals:        18       0       0       0       0       0       0       0       0       0       0       0       0       0       0       0       0
Total ram usage:       18 bytes
 Hardware stack levels used:    1
 Hardware stack levels required when called:    1
 This function calls:
		Nothing
 This function is called by:
		_dtoa
 This function uses a non-reentrant model


 *************** function ___aodiv *****************
 Defined at:
		line 9 in file "/Applications/microchip/xc8/v2.05/pic/sources/c99/common/aodiv.c"
 Parameters:    Size  Location     Type
  dividend        8   11[COMRAM] long long 
  divisor         8   19[COMRAM] long long 
 Auto vars:     Size  Location     Type
  quotient        8   29[COMRAM] long long 
  sign            1   28[COMRAM] unsigned char 
  counter         1   27[COMRAM] unsigned char 
 Return value:  Size  Location     Type
                  8   11[COMRAM] long long 
 Registers used:
		wreg, fsr2l, fsr2h, status,2, status,0
 Tracked objects:
		On entry : 
		On exit  : 
		Unchanged: 
 Data sizes:     COMRAM   BANK0   BANK1   BANK2   BANK3   BANK4   BANK5   BANK6   BANK7   BANK8   BANK9  BANK10  BANK11  BANK12  BANK13  BANK14  BANK15
      Params:        16       0       0       0       0       0       0       0       0       0       0       0       0       0       0       0       0
      Locals:        10       0       0       0       0       0       0       0       0       0       0       0       0       0       0       0       0
      Temps:          0       0       0       0       0       0       0       0       0       0       0       0       0       0       0       0       0
      Totals:        26       0       0       0       0       0       0       0       0       0       0       0       0       0       0       0       0
Total ram usage:       26 bytes
 Hardware stack levels used:    1
 Hardware stack levels required when called:    1
 This function calls:
		Nothing
 This function is called by:
		_dtoa
 This function uses a non-reentrant model


 *************** function _ctoa *****************
 Defined at:
		line 259 in file "/Applications/microchip/xc8/v2.05/pic/sources/c99/common/doprnt.c"
 Parameters:    Size  Location     Type
  fp              2   42[COMRAM] PTR struct _IO_FILE
		 -> NULL(0), 
  c               1   44[COMRAM] unsigned char 
 Auto vars:     Size  Location     Type
  w               2   45[COMRAM] int 
  l               2    0        int 
 Return value:  Size  Location     Type
                  2   42[COMRAM] int 
 Registers used:
		wreg, fsr1l, fsr1h, fsr2l, fsr2h, status,2, status,0, cstack
 Tracked objects:
		On entry : 
		On exit  : 
		Unchanged: 
 Data sizes:     COMRAM   BANK0   BANK1   BANK2   BANK3   BANK4   BANK5   BANK6   BANK7   BANK8   BANK9  BANK10  BANK11  BANK12  BANK13  BANK14  BANK15
      Params:         3       0       0       0       0       0       0       0       0       0       0       0       0       0       0       0       0
      Locals:         2       0       0       0       0       0       0       0       0       0       0       0       0       0       0       0       0
      Temps:          0       0       0       0       0       0       0       0       0       0       0       0       0       0       0       0       0
      Totals:         5       0       0       0       0       0       0       0       0       0       0       0       0       0       0       0       0
Total ram usage:        5 bytes
 Hardware stack levels used:    1
 Hardware stack levels required when called:    8
 This function calls:
		_pad
 This function is called by:
		_vfpfcnvrt
 This function uses a non-reentrant model


 *************** function _pad *****************
 Defined at:
		line 72 in file "/Applications/microchip/xc8/v2.05/pic/sources/c99/common/doprnt.c"
 Parameters:    Size  Location     Type
  fp              2   31[COMRAM] PTR struct _IO_FILE
		 -> NULL(0), 
  buf             2   33[COMRAM] PTR unsigned char 
		 -> dbuf(32), 
  p               2   35[COMRAM] int 
 Auto vars:     Size  Location     Type
  w               2   40[COMRAM] int 
  i               2   38[COMRAM] int 
 Return value:  Size  Location     Type
                  2   31[COMRAM] int 
 Registers used:
		wreg, fsr1l, fsr1h, fsr2l, fsr2h, status,2, status,0, cstack
 Tracked objects:
		On entry : 
		On exit  : 
		Unchanged: 
 Data sizes:     COMRAM   BANK0   BANK1   BANK2   BANK3   BANK4   BANK5   BANK6   BANK7   BANK8   BANK9  BANK10  BANK11  BANK12  BANK13  BANK14  BANK15
      Params:         6       0       0       0       0       0       0       0       0       0       0       0       0       0       0       0       0
      Locals:         4       0       0       0       0       0       0       0       0       0       0       0       0       0       0       0       0
      Temps:          1       0       0       0       0       0       0       0       0       0       0       0       0       0       0       0       0
      Totals:        11       0       0       0       0       0       0       0       0       0       0       0       0       0       0       0       0
Total ram usage:       11 bytes
 Hardware stack levels used:    1
 Hardware stack levels required when called:    7
 This function calls:
		_fputc
		_fputs
		_strlen
 This function is called by:
		_ctoa
		_dtoa
 This function uses a non-reentrant model


 *************** function _strlen *****************
 Defined at:
		line 12 in file "/Applications/microchip/xc8/v2.05/pic/sources/c99/common/strlen.c"
 Parameters:    Size  Location     Type
  s               2   11[COMRAM] PTR const unsigned char 
		 -> dbuf(32), 
 Auto vars:     Size  Location     Type
  a               2   13[COMRAM] PTR const unsigned char 
		 -> dbuf(32), 
 Return value:  Size  Location     Type
                  2   11[COMRAM] unsigned int 
 Registers used:
		wreg, fsr2l, fsr2h, status,2, status,0
 Tracked objects:
		On entry : 
		On exit  : 
		Unchanged: 
 Data sizes:     COMRAM   BANK0   BANK1   BANK2   BANK3   BANK4   BANK5   BANK6   BANK7   BANK8   BANK9  BANK10  BANK11  BANK12  BANK13  BANK14  BANK15
      Params:         2       0       0       0       0       0       0       0       0       0       0       0       0       0       0       0       0
      Locals:         2       0       0       0       0       0       0       0       0       0       0       0       0       0       0       0       0
      Temps:          0       0       0       0       0       0       0       0       0       0       0       0       0       0       0       0       0
      Totals:         4       0       0       0       0       0       0       0       0       0       0       0       0       0       0       0       0
Total ram usage:        4 bytes
 Hardware stack levels used:    1
 Hardware stack levels required when called:    1
 This function calls:
		Nothing
 This function is called by:
		_pad
 This function uses a non-reentrant model


 *************** function _fputs *****************
 Defined at:
		line 8 in file "/Applications/microchip/xc8/v2.05/pic/sources/c99/common/nf_fputs.c"
 Parameters:    Size  Location     Type
  s               2   24[COMRAM] PTR const unsigned char 
		 -> dbuf(32), 
  fp              2   26[COMRAM] PTR struct _IO_FILE
		 -> NULL(0), 
 Auto vars:     Size  Location     Type
  i               2   29[COMRAM] int 
  c               1   28[COMRAM] unsigned char 
 Return value:  Size  Location     Type
                  2   24[COMRAM] int 
 Registers used:
		wreg, fsr1l, fsr1h, fsr2l, fsr2h, status,2, status,0, cstack
 Tracked objects:
		On entry : 
		On exit  : 
		Unchanged: 
 Data sizes:     COMRAM   BANK0   BANK1   BANK2   BANK3   BANK4   BANK5   BANK6   BANK7   BANK8   BANK9  BANK10  BANK11  BANK12  BANK13  BANK14  BANK15
      Params:         4       0       0       0       0       0       0       0       0       0       0       0       0       0       0       0       0
      Locals:         3       0       0       0       0       0       0       0       0       0       0       0       0       0       0       0       0
      Temps:          0       0       0       0       0       0       0       0       0       0       0       0       0       0       0       0       0
      Totals:         7       0       0       0       0       0       0       0       0       0       0       0       0       0       0       0       0
Total ram usage:        7 bytes
 Hardware stack levels used:    1
 Hardware stack levels required when called:    6
 This function calls:
		_fputc
 This function is called by:
		_pad
 This function uses a non-reentrant model


 *************** function _fputc *****************
 Defined at:
		line 8 in file "/Applications/microchip/xc8/v2.05/pic/sources/c99/common/nf_fputc.c"
 Parameters:    Size  Location     Type
  c               2   15[COMRAM] int 
  fp              2   17[COMRAM] PTR struct _IO_FILE
		 -> NULL(0), 
 Auto vars:     Size  Location     Type
		None
 Return value:  Size  Location     Type
                  2   15[COMRAM] int 
 Registers used:
		wreg, fsr1l, fsr1h, fsr2l, fsr2h, status,2, status,0, cstack
 Tracked objects:
		On entry : 
		On exit  : 
		Unchanged: 
 Data sizes:     COMRAM   BANK0   BANK1   BANK2   BANK3   BANK4   BANK5   BANK6   BANK7   BANK8   BANK9  BANK10  BANK11  BANK12  BANK13  BANK14  BANK15
      Params:         4       0       0       0       0       0       0       0       0       0       0       0       0       0       0       0       0
      Locals:         0       0       0       0       0       0       0       0       0       0       0       0       0       0       0       0       0
      Temps:          5       0       0       0       0       0       0       0       0       0       0       0       0       0       0       0       0
      Totals:         9       0       0       0       0       0       0       0       0       0       0       0       0       0       0       0       0
Total ram usage:        9 bytes
 Hardware stack levels used:    1
 Hardware stack levels required when called:    5
 This function calls:
		_putch
 This function is called by:
		_pad
		_vfpfcnvrt
		_fputs
 This function uses a non-reentrant model


 *************** function _putch *****************
 Defined at:
		line 102 in file "lcd.c"
 Parameters:    Size  Location     Type
  data            1    wreg     unsigned char 
 Auto vars:     Size  Location     Type
  data            1   14[COMRAM] unsigned char 
 Return value:  Size  Location     Type
                  1    wreg      void 
 Registers used:
		wreg, status,2, status,0, cstack
 Tracked objects:
		On entry : 
		On exit  : 
		Unchanged: 
 Data sizes:     COMRAM   BANK0   BANK1   BANK2   BANK3   BANK4   BANK5   BANK6   BANK7   BANK8   BANK9  BANK10  BANK11  BANK12  BANK13  BANK14  BANK15
      Params:         0       0       0       0       0       0       0       0       0       0       0       0       0       0       0       0       0
      Locals:         1       0       0       0       0       0       0       0       0       0       0       0       0       0       0       0       0
      Temps:          0       0       0       0       0       0       0       0       0       0       0       0       0       0       0       0       0
      Totals:         1       0       0       0       0       0       0       0       0       0       0       0       0       0       0       0       0
Total ram usage:        1 bytes
 Hardware stack levels used:    1
 Hardware stack levels required when called:    4
 This function calls:
		_send_byte
 This function is called by:
		_fputc
 This function uses a non-reentrant model


 *************** function _initLCD *****************
 Defined at:
		line 69 in file "lcd.c"
 Parameters:    Size  Location     Type
		None
 Auto vars:     Size  Location     Type
		None
 Return value:  Size  Location     Type
                  1    wreg      void 
 Registers used:
		wreg, status,2, status,0, cstack
 Tracked objects:
		On entry : 
		On exit  : 
		Unchanged: 
 Data sizes:     COMRAM   BANK0   BANK1   BANK2   BANK3   BANK4   BANK5   BANK6   BANK7   BANK8   BANK9  BANK10  BANK11  BANK12  BANK13  BANK14  BANK15
      Params:         0       0       0       0       0       0       0       0       0       0       0       0       0       0       0       0       0
      Locals:         0       0       0       0       0       0       0       0       0       0       0       0       0       0       0       0       0
      Temps:          1       0       0       0       0       0       0       0       0       0       0       0       0       0       0       0       0
      Totals:         1       0       0       0       0       0       0       0       0       0       0       0       0       0       0       0       0
Total ram usage:        1 bytes
 Hardware stack levels used:    1
 Hardware stack levels required when called:    5
 This function calls:
		_lcdInst
		_send_byte
		_send_nibble
 This function is called by:
		_main
 This function uses a non-reentrant model


 *************** function _lcdInst *****************
 Defined at:
		line 64 in file "lcd.c"
 Parameters:    Size  Location     Type
  data            1    wreg     unsigned char 
 Auto vars:     Size  Location     Type
  data            1   14[COMRAM] unsigned char 
 Return value:  Size  Location     Type
                  1    wreg      void 
 Registers used:
		wreg, status,2, status,0, cstack
 Tracked objects:
		On entry : 
		On exit  : 
		Unchanged: 
 Data sizes:     COMRAM   BANK0   BANK1   BANK2   BANK3   BANK4   BANK5   BANK6   BANK7   BANK8   BANK9  BANK10  BANK11  BANK12  BANK13  BANK14  BANK15
      Params:         0       0       0       0       0       0       0       0       0       0       0       0       0       0       0       0       0
      Locals:         1       0       0       0       0       0       0       0       0       0       0       0       0       0       0       0       0
      Temps:          0       0       0       0       0       0       0       0       0       0       0       0       0       0       0       0       0
      Totals:         1       0       0       0       0       0       0       0       0       0       0       0       0       0       0       0       0
Total ram usage:        1 bytes
 Hardware stack levels used:    1
 Hardware stack levels required when called:    4
 This function calls:
		_send_byte
 This function is called by:
		_initLCD
		_main
		_lcd_shift_cursor
		_lcd_shift_display
 This function uses a non-reentrant model


 *************** function _send_byte *****************
 Defined at:
		line 55 in file "lcd.c"
 Parameters:    Size  Location     Type
  data            1    wreg     unsigned char 
 Auto vars:     Size  Location     Type
  data            1   13[COMRAM] unsigned char 
 Return value:  Size  Location     Type
                  1    wreg      void 
 Registers used:
		wreg, status,2, status,0, cstack
 Tracked objects:
		On entry : 
		On exit  : 
		Unchanged: 
 Data sizes:     COMRAM   BANK0   BANK1   BANK2   BANK3   BANK4   BANK5   BANK6   BANK7   BANK8   BANK9  BANK10  BANK11  BANK12  BANK13  BANK14  BANK15
      Params:         0       0       0       0       0       0       0       0       0       0       0       0       0       0       0       0       0
      Locals:         1       0       0       0       0       0       0       0       0       0       0       0       0       0       0       0       0
      Temps:          0       0       0       0       0       0       0       0       0       0       0       0       0       0       0       0       0
      Totals:         1       0       0       0       0       0       0       0       0       0       0       0       0       0       0       0       0
Total ram usage:        1 bytes
 Hardware stack levels used:    1
 Hardware stack levels required when called:    3
 This function calls:
		_send_nibble
 This function is called by:
		_lcdInst
		_initLCD
		_putch
 This function uses a non-reentrant model


 *************** function _send_nibble *****************
 Defined at:
		line 44 in file "lcd.c"
 Parameters:    Size  Location     Type
  data            1    wreg     unsigned char 
 Auto vars:     Size  Location     Type
  data            1   12[COMRAM] unsigned char 
 Return value:  Size  Location     Type
                  1    wreg      void 
 Registers used:
		wreg, status,2, status,0, cstack
 Tracked objects:
		On entry : 
		On exit  : 
		Unchanged: 
 Data sizes:     COMRAM   BANK0   BANK1   BANK2   BANK3   BANK4   BANK5   BANK6   BANK7   BANK8   BANK9  BANK10  BANK11  BANK12  BANK13  BANK14  BANK15
      Params:         0       0       0       0       0       0       0       0       0       0       0       0       0       0       0       0       0
      Locals:         1       0       0       0       0       0       0       0       0       0       0       0       0       0       0       0       0
      Temps:          0       0       0       0       0       0       0       0       0       0       0       0       0       0       0       0       0
      Totals:         1       0       0       0       0       0       0       0       0       0       0       0       0       0       0       0       0
Total ram usage:        1 bytes
 Hardware stack levels used:    1
 Hardware stack levels required when called:    2
 This function calls:
		_pulse_e
 This function is called by:
		_send_byte
		_initLCD
 This function uses a non-reentrant model


 *************** function _pulse_e *****************
 Defined at:
		line 28 in file "lcd.c"
 Parameters:    Size  Location     Type
		None
 Auto vars:     Size  Location     Type
  interruptSta    1   11[COMRAM] unsigned char 
 Return value:  Size  Location     Type
                  1    wreg      void 
 Registers used:
		wreg
 Tracked objects:
		On entry : 
		On exit  : 
		Unchanged: 
 Data sizes:     COMRAM   BANK0   BANK1   BANK2   BANK3   BANK4   BANK5   BANK6   BANK7   BANK8   BANK9  BANK10  BANK11  BANK12  BANK13  BANK14  BANK15
      Params:         0       0       0       0       0       0       0       0       0       0       0       0       0       0       0       0       0
      Locals:         1       0       0       0       0       0       0       0       0       0       0       0       0       0       0       0       0
      Temps:          0       0       0       0       0       0       0       0       0       0       0       0       0       0       0       0       0
      Totals:         1       0       0       0       0       0       0       0       0       0       0       0       0       0       0       0       0
Total ram usage:        1 bytes
 Hardware stack levels used:    1
 Hardware stack levels required when called:    1
 This function calls:
		Nothing
 This function is called by:
		_send_nibble
 This function uses a non-reentrant model


 *************** function _interruptHandler *****************
 Defined at:
		line 146 in file "main.c"
 Parameters:    Size  Location     Type
		None
 Auto vars:     Size  Location     Type
  i               2    8[COMRAM] int 
  keypress        1   10[COMRAM] unsigned char 
 Return value:  Size  Location     Type
                  1    wreg      void 
 Registers used:
		wreg, status,2, status,0, tblptrl, tblptrh, tblptru
 Tracked objects:
		On entry : 
		On exit  : 
		Unchanged: 
 Data sizes:     COMRAM   BANK0   BANK1   BANK2   BANK3   BANK4   BANK5   BANK6   BANK7   BANK8   BANK9  BANK10  BANK11  BANK12  BANK13  BANK14  BANK15
      Params:         0       0       0       0       0       0       0       0       0       0       0       0       0       0       0       0       0
      Locals:         3       0       0       0       0       0       0       0       0       0       0       0       0       0       0       0       0
      Temps:          8       0       0       0       0       0       0       0       0       0       0       0       0       0       0       0       0
      Totals:        11       0       0       0       0       0       0       0       0       0       0       0       0       0       0       0       0
Total ram usage:       11 bytes
 Hardware stack levels used:    1
 This function calls:
		Nothing
 This function is called by:
		Interrupt level 2
 This function uses a non-reentrant model



MODULE INFORMATION

Module		Function		Class		Link	Load	Size
/Applications/microchip/xc8/v2.05/pic/sources/c99/common/strlen.c
		_strlen        		CODE           	1E04	0000	43

/Applications/microchip/xc8/v2.05/pic/sources/c99/common/strlen.c estimated size: 43

/Applications/microchip/xc8/v2.05/pic/sources/c99/common/aodiv.c
		___aodiv       		CODE           	17D6	0000	329

/Applications/microchip/xc8/v2.05/pic/sources/c99/common/aodiv.c estimated size: 329

/Applications/microchip/xc8/v2.05/pic/sources/c99/common/nf_fputs.c
		_fputs         		CODE           	1D9A	0000	57

/Applications/microchip/xc8/v2.05/pic/sources/c99/common/nf_fputs.c estimated size: 57

/Applications/microchip/xc8/v2.05/pic/sources/c99/common/doprnt.c
		_vfpfcnvrt     		CODE           	15F0	0000	487
		_pad           		CODE           	1AEE	0000	151
		_ctoa          		CODE           	1D02	0000	79
		_dtoa          		CODE           	13AE	0000	579
		_vfprintf      		CODE           	1CB0	0000	83

/Applications/microchip/xc8/v2.05/pic/sources/c99/common/doprnt.c estimated size: 1379

/Applications/microchip/xc8/v2.05/pic/sources/c99/common/abs.c
		_abs           		CODE           	1DD2	0000	51

/Applications/microchip/xc8/v2.05/pic/sources/c99/common/abs.c estimated size: 51

shared
		_LCD_LINE1_ADDR		SMALLCONST     	0000	0000	0
		_LCD_LINE2_ADDR		SMALLCONST     	0000	0000	0
		_LCD_LINE3_ADDR		SMALLCONST     	0000	0000	0
		_LCD_LINE4_ADDR		SMALLCONST     	0000	0000	0
		_keys          		SMALLCONST     	1001	0000	18
		__initialization		CODE           	1D50	0000	57
		_LCD_SIZE_VERT 		SMALLCONST     	1016	0000	2
		_LCD_SIZE_HORZ 		SMALLCONST     	1017	0000	2

shared estimated size: 79

/Applications/microchip/xc8/v2.05/pic/sources/c99/common/nf_fputc.c
		_fputc         		CODE           	1B84	0000	109

/Applications/microchip/xc8/v2.05/pic/sources/c99/common/nf_fputc.c estimated size: 109

lcd.c
		_send_byte     		CODE           	1E96	0000	19
		_putch         		CODE           	1EA8	0000	13
		_lcdInst       		CODE           	1EB4	0000	13
		_send_nibble   		CODE           	1E80	0000	23
		_pulse_e       		CODE           	1E2E	0000	43
		_initLCD       		CODE           	1BF0	0000	107

lcd.c estimated size: 218

/Applications/microchip/xc8/v2.05/pic/sources/c99/common/aomod.c
		___aomod       		CODE           	191E	0000	293

/Applications/microchip/xc8/v2.05/pic/sources/c99/common/aomod.c estimated size: 293

/Applications/microchip/xc8/v2.05/pic/sources/c99/common/printf.c
		_printf        		CODE           	1E58	0000	41

/Applications/microchip/xc8/v2.05/pic/sources/c99/common/printf.c estimated size: 41

main.c
		_main          		CODE           	10C4	0000	747
		_interruptHandler		CODE           	0008	0000	179

main.c estimated size: 926

