Microchip MPLAB XC8 Compiler V2.05 ()

Linker command line:

-W-3 --edf=/Applications/microchip/xc8/v2.05/pic/dat/en_msgs.txt -cs \
  -h+dist/default/production/Robot.X.production.sym \
  --cmf=dist/default/production/Robot.X.production.cmf -z -Q18F4620 \
  -o/tmp/xcUEjnuG8 --defsym=__MPLAB_BUILD=1 \
  -Mdist/default/production/Robot.X.production.map -E1 -ver=XC8 \
  --acfsm=1493 -ASTACK=01DCh-0F7Fh -pstack=STACK -ACODE=00h-0FFFFh \
  -ACONST=00h-0FFFFh -ASMALLCONST=01000h-010FFhx240 \
  -AMEDIUMCONST=01000h-0FFFFh -ACOMRAM=01h-07Fh -AABS1=00h-0F7Fh \
  -ABIGRAM=01h-0F7Fh -ARAM=080h-0FFh,0100h-01FFhx14,0F00h-0F7Fh \
  -ABANK0=080h-0FFh -ABANK1=0100h-01FFh -ABANK2=0200h-02FFh \
  -ABANK3=0300h-03FFh -ABANK4=0400h-04FFh -ABANK5=0500h-05FFh \
  -ABANK6=0600h-06FFh -ABANK7=0700h-07FFh -ABANK8=0800h-08FFh \
  -ABANK9=0900h-09FFh -ABANK10=0A00h-0AFFh -ABANK11=0B00h-0BFFh \
  -ABANK12=0C00h-0CFFh -ABANK13=0D00h-0DFFh -ABANK14=0E00h-0EFFh \
  -ABANK15=0F00h-0F7Fh -ASFR=0F80h-0FFFh \
  -preset_vec=00h,intcode=08h,intcodelo,powerup,init -pramtop=01000h \
  -psmallconst=SMALLCONST -pmediumconst=MEDIUMCONST -pconst=CONST \
  -AFARRAM=00h-00h -ACONFIG=0300000h-030000Dh -pconfig=CONFIG \
  -AIDLOC=0200000h-0200007h -pidloc=IDLOC -AEEDATA=0F00000h-0F003FFh \
  -peeprom_data=EEDATA \
  -prdata=COMRAM,nvrram=COMRAM,nvbit=COMRAM,rbss=COMRAM,rbit=COMRAM \
  -pfarbss=FARRAM,fardata=FARRAM,nvFARRAM=FARRAM \
  -pintsave_regs=BIGRAM,bigbss=BIGRAM,bigdata=BIGRAM -pbss=RAM \
  -pidata=CODE,irdata=CODE,ibigdata=CODE,ifardata=CODE -prparam=COMRAM \
  /tmp/xcZ8GNdRx.o dist/default/production/Robot.X.production.o 

Object code version is 3.11

Machine type is 18F4620

Call graph: (short form)




                Name                               Link     Load   Length Selector   Space Scale
/tmp/xcZ8GNdRx.o
                init                                  E        E        4        4       0
                reset_vec                             0        0        4        0       0
                idloc                            200000   200000        8   200000       0
                config                           300000   300000        E   300000       0
dist/default/production/Robot.X.production.o
                intcode                               8        8        6        4       0
                temp                                 74       74        1        1       1
                mediumconst                        FE12     FE12      1EE     7F09       0
                intcode_body                       3CEC     3CEC       EE        4       0
                text63                             4B96     4B96       14        4       0
                text62                             48DA     48DA       32        4       0
                text61                             4AA6     4AA6       26        4       0
                text60                             34C6     34C6      1AE        4       0
                text59                             3674     3674      18C        4       0
                text58                             4302     4302       82        4       0
                text57                             4546     4546       5C        4       0
                text56                             4BBC     4BBC       12        4       0
                text55                             4B5C     4B5C       24        4       0
                text54                             4BF8     4BF8        8        4       0
                text53                             4BF0     4BF0        8        4       0
                text52                             4BE6     4BE6        A        4       0
                text51                             49CC     49CC       30        4       0
                text50                             4B38     4B38       24        4       0
                text49                             4B14     4B14       24        4       0
                text48                             499C     499C       30        4       0
                text47                             427E     427E       84        4       0
                text46                             4384     4384       7C        4       0
                text45                             4A54     4A54       2A        4       0
                text44                             4B80     4B80       16        4       0
                text43                             4BAA     4BAA       12        4       0
                text42                             4BDA     4BDA        C        4       0
                text41                             44DC     44DC       6A        4       0
                text40                             4AF0     4AF0       24        4       0
                text39                             496C     496C       30        4       0
                text38                             47C2     47C2       3E        4       0
                text37                             3A88     3A88      140        4       0
                text36                             4BCE     4BCE        C        4       0
                text35                             4470     4470       6C        4       0
                text34                             483C     483C       38        4       0
                text33                             4A2A     4A2A       2A        4       0
                text32                             40D2     40D2       96        4       0
                text31                             464C     464C       4E        4       0
                text30                             3800     3800      148        4       0
                text29                             3BC8     3BC8      124        4       0
                text28                             48A8     48A8       32        4       0
                text27                             2EA2     2EA2      242        4       0
                text26                             4400     4400       70        4       0
                text25                             2C1A     2C1A      288        4       0
                text24                             41F4     41F4       8A        4       0
                text23                             3DDA     3DDA       D0        4       0
                text22                             25BC     25BC      352        4       0
                text21                             49FC     49FC       2E        4       0
                text20                             290E     290E      30C        4       0
                text19                             477C     477C       46        4       0
                text18                             3F76     3F76       BA        4       0
                text17                             3EAA     3EAA       CC        4       0
                text16                             3310     3310      1B6        4       0
                text15                             45F8     45F8       54        4       0
                text14                             493C     493C       30        4       0
                text13                             46E6     46E6       4C        4       0
                text12                             14D6     14D6      9CE        4       0
                text11                             4030     4030       A2        4       0
                text10                             4874     4874       34        4       0
                text9                              490C     490C       30        4       0
                text8                              4732     4732       4A        4       0
                text7                              30E4     30E4      22C        4       0
                text6                              1EA4     1EA4      718        4       0
                text5                              45A2     45A2       56        4       0
                text4                              4A7E     4A7E       28        4       0
                text3                              3948     3948      140        4       0
                text2                              4168     4168       8C        4       0
                text1                              4ACC     4ACC       24        4       0
                text0                                12       12     14C4        4       0
                cstackCOMRAM                          1        1       65        1       1
                cstackBANK0                          80       80       70       80       1
                cstackBANK1                         15F      15F       41      100       1
                dataBANK1                           1A0      1A0       3C      100       1
                bssBANK1                            100      100       5F      100       1
                bssBANK0                             F0       F0        2       80       1
                bssCOMRAM                            66       66        E        1       1
                cinit                              469A     469A       4C        4       0
                idataBANK1                         4800     4800       3C        4       0

TOTAL           Name                               Link     Load   Length     Space
        CLASS   STACK          

        CLASS   CODE           
                intcode                               8        8        6         0
                init                                  E        E        4         0
                reset_vec                             0        0        4         0
                intcode_body                       3CEC     3CEC       EE         0
                text63                             4B96     4B96       14         0
                text62                             48DA     48DA       32         0
                text61                             4AA6     4AA6       26         0
                text60                             34C6     34C6      1AE         0
                text59                             3674     3674      18C         0
                text58                             4302     4302       82         0
                text57                             4546     4546       5C         0
                text56                             4BBC     4BBC       12         0
                text55                             4B5C     4B5C       24         0
                text54                             4BF8     4BF8        8         0
                text53                             4BF0     4BF0        8         0
                text52                             4BE6     4BE6        A         0
                text51                             49CC     49CC       30         0
                text50                             4B38     4B38       24         0
                text49                             4B14     4B14       24         0
                text48                             499C     499C       30         0
                text47                             427E     427E       84         0
                text46                             4384     4384       7C         0
                text45                             4A54     4A54       2A         0
                text44                             4B80     4B80       16         0
                text43                             4BAA     4BAA       12         0
                text42                             4BDA     4BDA        C         0
                text41                             44DC     44DC       6A         0
                text40                             4AF0     4AF0       24         0
                text39                             496C     496C       30         0
                text38                             47C2     47C2       3E         0
                text37                             3A88     3A88      140         0
                text36                             4BCE     4BCE        C         0
                text35                             4470     4470       6C         0
                text34                             483C     483C       38         0
                text33                             4A2A     4A2A       2A         0
                text32                             40D2     40D2       96         0
                text31                             464C     464C       4E         0
                text30                             3800     3800      148         0
                text29                             3BC8     3BC8      124         0
                text28                             48A8     48A8       32         0
                text27                             2EA2     2EA2      242         0
                text26                             4400     4400       70         0
                text25                             2C1A     2C1A      288         0
                text24                             41F4     41F4       8A         0
                text23                             3DDA     3DDA       D0         0
                text22                             25BC     25BC      352         0
                text21                             49FC     49FC       2E         0
                text20                             290E     290E      30C         0
                text19                             477C     477C       46         0
                text18                             3F76     3F76       BA         0
                text17                             3EAA     3EAA       CC         0
                text16                             3310     3310      1B6         0
                text15                             45F8     45F8       54         0
                text14                             493C     493C       30         0
                text13                             46E6     46E6       4C         0
                text12                             14D6     14D6      9CE         0
                text11                             4030     4030       A2         0
                text10                             4874     4874       34         0
                text9                              490C     490C       30         0
                text8                              4732     4732       4A         0
                text7                              30E4     30E4      22C         0
                text6                              1EA4     1EA4      718         0
                text5                              45A2     45A2       56         0
                text4                              4A7E     4A7E       28         0
                text3                              3948     3948      140         0
                text2                              4168     4168       8C         0
                text1                              4ACC     4ACC       24         0
                text0                                12       12     14C4         0
                cinit                              469A     469A       4C         0
                idataBANK1                         4800     4800       3C         0

        CLASS   CONST          

        CLASS   SMALLCONST     

        CLASS   MEDIUMCONST    
                mediumconst                        FE12     FE12      1EE         0

        CLASS   COMRAM         
                temp                                 74       74        1         1
                cstackCOMRAM                          1        1       65         1
                bssCOMRAM                            66       66        E         1

        CLASS   ABS1           

        CLASS   BIGRAM         

        CLASS   RAM            

        CLASS   BANK0          
                cstackBANK0                          80       80       70         1
                bssBANK0                             F0       F0        2         1

        CLASS   BANK1          
                cstackBANK1                         15F      15F       41         1
                dataBANK1                           1A0      1A0       3C         1
                bssBANK1                            100      100       5F         1

        CLASS   BANK2          

        CLASS   BANK3          

        CLASS   BANK4          

        CLASS   BANK5          

        CLASS   BANK6          

        CLASS   BANK7          

        CLASS   BANK8          

        CLASS   BANK9          

        CLASS   BANK10         

        CLASS   BANK11         

        CLASS   BANK12         

        CLASS   BANK13         

        CLASS   BANK14         

        CLASS   BANK15         

        CLASS   SFR            

        CLASS   FARRAM         

        CLASS   CONFIG         
                config                           300000   300000        E         0

        CLASS   IDLOC          
                idloc                            200000   200000        8         0

        CLASS   EEDATA         



SEGMENTS        Name                           Load    Length   Top    Selector   Space  Class

                cstackCOMRAM                   000001  000074  000075         1       1  COMRAM  
                reset_vec                      000000  000004  000004         0       0  CODE    
                cstackBANK0                    000080  000072  0000F2        80       1  BANK0   
                bssBANK1                       000100  0000DC  0001DC       100       1  BANK1   
                intcode                        000008  004BF8  004C00         4       0  CODE    
                idloc                          200000  000008  200008    200000       0  IDLOC   
                mediumconst                    00FE12  0001EE  010000      7F09       0  MEDIUMCO
                config                         300000  00000E  30000E    300000       0  CONFIG  


UNUSED ADDRESS RANGES

        Name                Unused          Largest block    Delta
        BANK0            0000F2-0000FF                E
        BANK1            0001DC-0001FF               24
        BANK10           000A00-000AFF              100
        BANK11           000B00-000BFF              100
        BANK12           000C00-000CFF              100
        BANK13           000D00-000DFF              100
        BANK14           000E00-000EFF              100
        BANK15           000F00-000F7F               80
        BANK2            000200-0002FF              100
        BANK3            000300-0003FF              100
        BANK4            000400-0004FF              100
        BANK5            000500-0005FF              100
        BANK6            000600-0006FF              100
        BANK7            000700-0007FF              100
        BANK8            000800-0008FF              100
        BANK9            000900-0009FF              100
        BIGRAM           000075-00007F                B
                         0000F2-0000FF                E
                         0001DC-000F7F              DA4
        CODE             000004-000007                4
                         004C00-00FE11             B212
        COMRAM           000075-00007F                B
        CONST            000004-000007                4
                         004C00-00FE11             B212
        EEDATA           F00000-F003FF              400
        MEDIUMCONST      004C00-00FE11             B212
        RAM              0000F2-0000FF                E
                         0001DC-000F7F              100
        SFR              000F80-000FFF               80
        SMALLCONST       004C00-00FE11              100
        STACK            0001DC-000F7F              DA4

                                  Symbol Table

?___aodiv                      cstackCOMRAM 00000B
?___aomod                      cstackCOMRAM 00000B
?___awdiv                      cstackCOMRAM 00000B
?___awmod                      cstackCOMRAM 00000B
?___fladd                      cstackCOMRAM 000038
?___fldiv                      cstackCOMRAM 00001F
?___flmul                      cstackCOMRAM 00001F
?___flneg                      cstackCOMRAM 00000B
?___flsub                      cstackCOMRAM 000048
?___fltol                      cstackCOMRAM 000048
?___fpclassifyf                cstackCOMRAM 00000B
?___lldiv                      cstackCOMRAM 00000B
?___wmul                       cstackCOMRAM 00000B
?___xxtofl                     cstackCOMRAM 000011
?_abs                          cstackCOMRAM 00001D
?_atoi                         cstackCOMRAM 000012
?_ctoa                         cstackCOMRAM 00002A
?_dtoa                         cstackCOMRAM 00002A
?_efgtoa                       cstackCOMRAM 000052
?_floorf                       cstackCOMRAM 000038
?_frontsensor                  cstackCOMRAM 000013
?_isalpha                      cstackCOMRAM 00000B
?_isdigit                      cstackCOMRAM 00000B
?_islower                      cstackCOMRAM 00000B
?_isspace                      cstackCOMRAM 00000B
?_isupper                      cstackCOMRAM 00000B
?_pad                          cstackCOMRAM 00001F
?_printf                       cstackBANK0  0000E4
?_readADC                      cstackCOMRAM 000038
?_strlen                       cstackCOMRAM 00000B
?_strncmp                      cstackCOMRAM 00000B
?_tolower                      cstackCOMRAM 000011
?_toupper                      cstackCOMRAM 000011
?_vfpfcnvrt                    cstackBANK0  0000B8
?_vfprintf                     cstackBANK0  0000DE
?_xtoa                         cstackCOMRAM 00002A
EEPROM_ReadByte@eepromAddress  cstackCOMRAM 00000B
EEPROM_WriteByte@eepromAddress cstackCOMRAM 00000C
EEPROM_WriteByte@eepromData    cstackCOMRAM 00000B
EEPROM_WriteByte@gie_Status    cstackCOMRAM 00000D
EEPROM_prev@loop               cstackCOMRAM 000017
EEPROM_prev@loop_1114          cstackCOMRAM 000019
EEPROM_prev@loop_1115          cstackCOMRAM 00001B
EEPROM_prev@shift              cstackCOMRAM 00001F
EEPROM_prev@temp               cstackCOMRAM 000015
EEPROM_prev@trial              cstackCOMRAM 000011
EEPROM_prev@x                  cstackCOMRAM 00001D
EEPROM_save@loop               cstackCOMRAM 000017
EEPROM_save@loop_1106          cstackCOMRAM 000019
EEPROM_save@loop_1107          cstackCOMRAM 00001B
EEPROM_save@shift              cstackCOMRAM 00001D
EEPROM_save@temp               cstackCOMRAM 000015
EEPROM_save@x                  cstackCOMRAM 000013
I2C_Master_Init@clockFreq      cstackCOMRAM 000018
I2C_Master_Read@ackBit         cstackCOMRAM 00000C
I2C_Master_Read@receivedByte   cstackCOMRAM 00000D
I2C_Master_Write@byteToWrite   cstackCOMRAM 00000C
_ADCON0                        (abs)        000FC2
_ADCON0bits                    (abs)        000FC2
_ADCON1                        (abs)        000FC1
_ADCON2bits                    (abs)        000FC0
_ADON                          (abs)        007E10
_ADRESH                        (abs)        000FC4
_ADRESL                        (abs)        000FC3
_B_was_pressed                 bssBANK1     00010D
_BallDispensed                 dataBANK1    0001A0
_Canister                      bssBANK1     000106
_DistanceCanister              dataBANK1    0001B4
_EEADR                         (abs)        000FA9
_EECON1bits                    (abs)        000FA6
_EECON2                        (abs)        000FA7
_EEDATA                        (abs)        000FA8
_EEPROM_ReadByte               text63       004B96
_EEPROM_WriteByte              text62       0048DA
_EEPROM_prev                   text60       0034C6
_EEPROM_save                   text59       003674
_GIE                           (abs)        007F97
_I2C_Master_Init               text57       004546
_I2C_Master_Read               text55       004B5C
_I2C_Master_Start              text54       004BF8
_I2C_Master_Stop               text53       004BF0
_I2C_Master_Wait               text56       004BBC
_I2C_Master_Write              text52       004BE6
_INT1IE                        (abs)        007F83
_INT1IF                        (abs)        007F80
_INTCONbits                    (abs)        000FF2
_LATAbits                      (abs)        000F89
_LATBbits                      (abs)        000F8A
_LATCbits                      (abs)        000F8B
_LATD                          (abs)        000F8C
_LATDbits                      (abs)        000F8C
_LCD_SIZE_HORZ                 mediumconst  00FE29
_LCD_SIZE_VERT                 mediumconst  00FE28
_PORTAbits                     (abs)        000F80
_PORTB                         (abs)        000F81
_PORTBbits                     (abs)        000F81
_PORTCbits                     (abs)        000F82
_PSA                           (abs)        007EAB
_SSPADD                        (abs)        000FC8
_SSPBUF                        (abs)        000FC9
_SSPCON1                       (abs)        000FC6
_SSPCON1bits                   (abs)        000FC6
_SSPCON2                       (abs)        000FC5
_SSPCON2bits                   (abs)        000FC5
_SSPSTAT                       (abs)        000FC7
_State                         dataBANK1    0001C8
_T08BIT                        (abs)        007EAE
_T0CS                          (abs)        007EAD
_T0SE                          (abs)        007EAC
_TMR0H                         (abs)        000FD7
_TMR0IE                        (abs)        007F95
_TMR0IF                        (abs)        007F92
_TMR0L                         (abs)        000FD6
_TMR0ON                        (abs)        007EAF
_TMR1H                         (abs)        000FCF
_TMR1L                         (abs)        000FCE
_TMR1ON                        (abs)        007E68
_TRISAbits                     (abs)        000F92
_TRISBbits                     (abs)        000F93
_TRISCbits                     (abs)        000F94
_TRISD                         (abs)        000F95
_WREN                          (abs)        007D32
__CFG_BOREN$SBORDIS            (abs)        000000
__CFG_BORV$3                   (abs)        000000
__CFG_CCP2MX$PORTC             (abs)        000000
__CFG_CP0$OFF                  (abs)        000000
__CFG_CP1$OFF                  (abs)        000000
__CFG_CP2$OFF                  (abs)        000000
__CFG_CP3$OFF                  (abs)        000000
__CFG_CPB$OFF                  (abs)        000000
__CFG_CPD$ON                   (abs)        000000
__CFG_EBTR0$OFF                (abs)        000000
__CFG_EBTR1$OFF                (abs)        000000
__CFG_EBTR2$OFF                (abs)        000000
__CFG_EBTR3$OFF                (abs)        000000
__CFG_EBTRB$OFF                (abs)        000000
__CFG_FCMEN$OFF                (abs)        000000
__CFG_IESO$OFF                 (abs)        000000
__CFG_LPT1OSC$OFF              (abs)        000000
__CFG_LVP$OFF                  (abs)        000000
__CFG_MCLRE$ON                 (abs)        000000
__CFG_OSC$HS                   (abs)        000000
__CFG_PBADEN$ON                (abs)        000000
__CFG_PWRT$OFF                 (abs)        000000
__CFG_STVREN$ON                (abs)        000000
__CFG_WDT$OFF                  (abs)        000000
__CFG_WDTPS$32768              (abs)        000000
__CFG_WRT0$OFF                 (abs)        000000
__CFG_WRT1$OFF                 (abs)        000000
__CFG_WRT2$OFF                 (abs)        000000
__CFG_WRT3$OFF                 (abs)        000000
__CFG_WRTB$OFF                 (abs)        000000
__CFG_WRTC$OFF                 (abs)        000000
__CFG_WRTD$OFF                 (abs)        000000
__CFG_XINST$OFF                (abs)        000000
__HRAM                         (abs)        000000
__Habs1                        abs1         000000
__Hbank0                       bank0        000000
__Hbank1                       bank1        000000
__Hbank10                      bank10       000000
__Hbank11                      bank11       000000
__Hbank12                      bank12       000000
__Hbank13                      bank13       000000
__Hbank14                      bank14       000000
__Hbank15                      bank15       000000
__Hbank2                       bank2        000000
__Hbank3                       bank3        000000
__Hbank4                       bank4        000000
__Hbank5                       bank5        000000
__Hbank6                       bank6        000000
__Hbank7                       bank7        000000
__Hbank8                       bank8        000000
__Hbank9                       bank9        000000
__Hbigbss                      bigbss       000000
__Hbigdata                     bigdata      000000
__Hbigram                      bigram       000000
__Hbss                         bss          000000
__HbssBANK0                    bssBANK0     000000
__HbssBANK1                    bssBANK1     000000
__HbssCOMRAM                   bssCOMRAM    000000
__Hcinit                       cinit        000000
__Hclrtext                     clrtext      000000
__Hcomram                      comram       000000
__Hconfig                      config       30000E
__Hconst                       const        000000
__HcstackBANK0                 cstackBANK0  000000
__HcstackBANK1                 cstackBANK1  000000
__HcstackCOMRAM                cstackCOMRAM 000000
__Hdata                        data         000000
__HdataBANK1                   dataBANK1    000000
__Heeprom_data                 eeprom_data  000000
__Hfarbss                      farbss       000000
__Hfardata                     fardata      000000
__Hibigdata                    ibigdata     000000
__Hidata                       idata        000000
__HidataBANK1                  idataBANK1   000000
__Hidloc                       idloc        200008
__Hifardata                    ifardata     000000
__Hinit                        init         000012
__Hintcode                     intcode      00000E
__Hintcode_body                intcode_body 000000
__Hintcodelo                   intcodelo    00000E
__Hintentry                    intentry     000000
__Hintret                      intret       000000
__Hintsave_regs                intsave_regs 000000
__Hirdata                      irdata       000000
__Hmediumconst                 mediumconst  010000
__HnvFARRAM                    nvFARRAM     000000
__Hnvbit                       nvbit        000000
__Hnvrram                      nvrram       000000
__Hparam                       rparam       000000
__Hpowerup                     powerup      00000E
__Hram                         ram          000000
__Hramtop                      ramtop       001000
__Hrbit                        rbit         000000
__Hrbss                        rbss         000000
__Hrdata                       rdata        000000
__Hreset_vec                   reset_vec    000004
__Hrparam                      rparam       000000
__Hsfr                         sfr          000000
__Hsmallconst                  smallconst   000000
__Hspace_0                     (abs)        30000E
__Hspace_1                     (abs)        0001DC
__Hspace_2                     (abs)        000000
__Hstack                       stack        000000
__Hstruct                      struct       000000
__Htemp                        temp         000075
__Htext                        text         000000
__Htext0                       text0        000000
__Htext1                       text1        000000
__Htext10                      text10       000000
__Htext11                      text11       000000
__Htext12                      text12       000000
__Htext13                      text13       000000
__Htext14                      text14       000000
__Htext15                      text15       000000
__Htext16                      text16       000000
__Htext17                      text17       000000
__Htext18                      text18       000000
__Htext19                      text19       000000
__Htext2                       text2        000000
__Htext20                      text20       000000
__Htext21                      text21       000000
__Htext22                      text22       000000
__Htext23                      text23       000000
__Htext24                      text24       000000
__Htext25                      text25       000000
__Htext26                      text26       000000
__Htext27                      text27       000000
__Htext28                      text28       000000
__Htext29                      text29       000000
__Htext3                       text3        000000
__Htext30                      text30       000000
__Htext31                      text31       000000
__Htext32                      text32       000000
__Htext33                      text33       000000
__Htext34                      text34       000000
__Htext35                      text35       000000
__Htext36                      text36       000000
__Htext37                      text37       000000
__Htext38                      text38       000000
__Htext39                      text39       000000
__Htext4                       text4        000000
__Htext40                      text40       000000
__Htext41                      text41       000000
__Htext42                      text42       000000
__Htext43                      text43       000000
__Htext44                      text44       000000
__Htext45                      text45       000000
__Htext46                      text46       000000
__Htext47                      text47       000000
__Htext48                      text48       000000
__Htext49                      text49       000000
__Htext5                       text5        000000
__Htext50                      text50       000000
__Htext51                      text51       000000
__Htext52                      text52       000000
__Htext53                      text53       000000
__Htext54                      text54       000000
__Htext55                      text55       000000
__Htext56                      text56       000000
__Htext57                      text57       000000
__Htext58                      text58       000000
__Htext59                      text59       000000
__Htext6                       text6        000000
__Htext60                      text60       000000
__Htext61                      text61       000000
__Htext62                      text62       000000
__Htext63                      text63       000000
__Htext7                       text7        000000
__Htext8                       text8        000000
__Htext9                       text9        000000
__LRAM                         (abs)        000001
__Labs1                        abs1         000000
__Lbank0                       bank0        000000
__Lbank1                       bank1        000000
__Lbank10                      bank10       000000
__Lbank11                      bank11       000000
__Lbank12                      bank12       000000
__Lbank13                      bank13       000000
__Lbank14                      bank14       000000
__Lbank15                      bank15       000000
__Lbank2                       bank2        000000
__Lbank3                       bank3        000000
__Lbank4                       bank4        000000
__Lbank5                       bank5        000000
__Lbank6                       bank6        000000
__Lbank7                       bank7        000000
__Lbank8                       bank8        000000
__Lbank9                       bank9        000000
__Lbigbss                      bigbss       000000
__Lbigdata                     bigdata      000000
__Lbigram                      bigram       000000
__Lbss                         bss          000000
__LbssBANK0                    bssBANK0     000000
__LbssBANK1                    bssBANK1     000000
__LbssCOMRAM                   bssCOMRAM    000000
__Lcinit                       cinit        000000
__Lclrtext                     clrtext      000000
__Lcomram                      comram       000000
__Lconfig                      config       300000
__Lconst                       const        000000
__LcstackBANK0                 cstackBANK0  000000
__LcstackBANK1                 cstackBANK1  000000
__LcstackCOMRAM                cstackCOMRAM 000000
__Ldata                        data         000000
__LdataBANK1                   dataBANK1    000000
__Leeprom_data                 eeprom_data  000000
__Lfarbss                      farbss       000000
__Lfardata                     fardata      000000
__Libigdata                    ibigdata     000000
__Lidata                       idata        000000
__LidataBANK1                  idataBANK1   000000
__Lidloc                       idloc        200000
__Lifardata                    ifardata     000000
__Linit                        init         00000E
__Lintcode                     intcode      000008
__Lintcode_body                intcode_body 000000
__Lintcodelo                   intcodelo    00000E
__Lintentry                    intentry     000000
__Lintret                      intret       000000
__Lintsave_regs                intsave_regs 000000
__Lirdata                      irdata       000000
__Lmediumconst                 mediumconst  00FE12
__LnvFARRAM                    nvFARRAM     000000
__Lnvbit                       nvbit        000000
__Lnvrram                      nvrram       000000
__Lparam                       rparam       000000
__Lpowerup                     powerup      00000E
__Lram                         ram          000000
__Lramtop                      ramtop       001000
__Lrbit                        rbit         000000
__Lrbss                        rbss         000000
__Lrdata                       rdata        000000
__Lreset_vec                   reset_vec    000000
__Lrparam                      rparam       000000
__Lsfr                         sfr          000000
__Lsmallconst                  smallconst   000000
__Lspace_0                     (abs)        000000
__Lspace_1                     (abs)        000000
__Lspace_2                     (abs)        000000
__Lstack                       stack        000000
__Lstruct                      struct       000000
__Ltemp                        temp         000074
__Ltext                        text         000000
__Ltext0                       text0        000000
__Ltext1                       text1        000000
__Ltext10                      text10       000000
__Ltext11                      text11       000000
__Ltext12                      text12       000000
__Ltext13                      text13       000000
__Ltext14                      text14       000000
__Ltext15                      text15       000000
__Ltext16                      text16       000000
__Ltext17                      text17       000000
__Ltext18                      text18       000000
__Ltext19                      text19       000000
__Ltext2                       text2        000000
__Ltext20                      text20       000000
__Ltext21                      text21       000000
__Ltext22                      text22       000000
__Ltext23                      text23       000000
__Ltext24                      text24       000000
__Ltext25                      text25       000000
__Ltext26                      text26       000000
__Ltext27                      text27       000000
__Ltext28                      text28       000000
__Ltext29                      text29       000000
__Ltext3                       text3        000000
__Ltext30                      text30       000000
__Ltext31                      text31       000000
__Ltext32                      text32       000000
__Ltext33                      text33       000000
__Ltext34                      text34       000000
__Ltext35                      text35       000000
__Ltext36                      text36       000000
__Ltext37                      text37       000000
__Ltext38                      text38       000000
__Ltext39                      text39       000000
__Ltext4                       text4        000000
__Ltext40                      text40       000000
__Ltext41                      text41       000000
__Ltext42                      text42       000000
__Ltext43                      text43       000000
__Ltext44                      text44       000000
__Ltext45                      text45       000000
__Ltext46                      text46       000000
__Ltext47                      text47       000000
__Ltext48                      text48       000000
__Ltext49                      text49       000000
__Ltext5                       text5        000000
__Ltext50                      text50       000000
__Ltext51                      text51       000000
__Ltext52                      text52       000000
__Ltext53                      text53       000000
__Ltext54                      text54       000000
__Ltext55                      text55       000000
__Ltext56                      text56       000000
__Ltext57                      text57       000000
__Ltext58                      text58       000000
__Ltext59                      text59       000000
__Ltext6                       text6        000000
__Ltext60                      text60       000000
__Ltext61                      text61       000000
__Ltext62                      text62       000000
__Ltext63                      text63       000000
__Ltext7                       text7        000000
__Ltext8                       text8        000000
__Ltext9                       text9        000000
__S0                           (abs)        30000E
__S1                           (abs)        0001DC
__S2                           (abs)        000000
___aodiv                       text30       003800
___aodiv@counter               cstackCOMRAM 00001B
___aodiv@dividend              cstackCOMRAM 00000B
___aodiv@divisor               cstackCOMRAM 000013
___aodiv@quotient              cstackCOMRAM 00001D
___aodiv@sign                  cstackCOMRAM 00001C
___aomod                       text29       003BC8
___aomod@counter               cstackCOMRAM 00001B
___aomod@dividend              cstackCOMRAM 00000B
___aomod@divisor               cstackCOMRAM 000013
___aomod@sign                  cstackCOMRAM 00001C
___awdiv                       text47       00427E
___awdiv@counter               cstackCOMRAM 00000F
___awdiv@dividend              cstackCOMRAM 00000B
___awdiv@divisor               cstackCOMRAM 00000D
___awdiv@quotient              cstackCOMRAM 000011
___awdiv@sign                  cstackCOMRAM 000010
___awmod                       text26       004400
___awmod@counter               cstackCOMRAM 00000F
___awmod@dividend              cstackCOMRAM 00000B
___awmod@divisor               cstackCOMRAM 00000D
___awmod@sign                  cstackCOMRAM 000010
___fladd                       text20       00290E
___fladd@a                     cstackCOMRAM 00003C
___fladd@aexp                  cstackCOMRAM 000045
___fladd@b                     cstackCOMRAM 000038
___fladd@bexp                  cstackCOMRAM 000046
___fladd@grs                   cstackCOMRAM 000047
___fladd@signs                 cstackCOMRAM 000044
___fldiv                       text25       002C1A
___fldiv@a                     cstackCOMRAM 000023
___fldiv@aexp                  cstackCOMRAM 000037
___fldiv@b                     cstackCOMRAM 00001F
___fldiv@bexp                  cstackCOMRAM 000036
___fldiv@grs                   cstackCOMRAM 000032
___fldiv@new_exp               cstackCOMRAM 000030
___fldiv@rem                   cstackCOMRAM 00002B
___fldiv@sign                  cstackCOMRAM 00002F
___fleq                        text24       0041F4
___fleq@ff1                    cstackCOMRAM 00000B
___fleq@ff2                    cstackCOMRAM 00000F
___flge                        text23       003DDA
___flge@ff1                    cstackCOMRAM 00003F
___flge@ff2                    cstackCOMRAM 000043
___flmul                       text22       0025BC
___flmul@a                     cstackCOMRAM 000023
___flmul@aexp                  cstackCOMRAM 00002C
___flmul@b                     cstackCOMRAM 00001F
___flmul@bexp                  cstackCOMRAM 000031
___flmul@grs                   cstackCOMRAM 00002D
___flmul@prod                  cstackCOMRAM 000032
___flmul@sign                  cstackCOMRAM 00002B
___flmul@temp                  cstackCOMRAM 000036
___flneg                       text21       0049FC
___flneg@f1                    cstackCOMRAM 00000B
___flsub                       text19       00477C
___flsub@a                     cstackCOMRAM 00004C
___flsub@b                     cstackCOMRAM 000048
___fltol                       text18       003F76
___fltol@exp1                  cstackCOMRAM 000051
___fltol@f1                    cstackCOMRAM 000048
___fltol@sign1                 cstackCOMRAM 000050
___fpclassifyf                 text17       003EAA
___fpclassifyf@F463            bssCOMRAM    00006A
___fpclassifyf@e               cstackCOMRAM 000013
___fpclassifyf@u               cstackCOMRAM 000015
___fpclassifyf@x               cstackCOMRAM 00000B
___inthi_sp                    stack        000000
___intlo_sp                    stack        000000
___lldiv                       text58       004302
___lldiv@counter               cstackCOMRAM 000017
___lldiv@dividend              cstackCOMRAM 00000B
___lldiv@divisor               cstackCOMRAM 00000F
___lldiv@quotient              cstackCOMRAM 000013
___param_bank                  (abs)        000000
___rparam_used                 (abs)        000001
___sp                          stack        000000
___wmul                        text61       004AA6
___wmul@multiplicand           cstackCOMRAM 00000D
___wmul@multiplier             cstackCOMRAM 00000B
___wmul@product                cstackCOMRAM 00000F
___xxtofl                      text3        003948
___xxtofl@arg                  cstackCOMRAM 00001B
___xxtofl@exp                  cstackCOMRAM 00001A
___xxtofl@sign                 cstackCOMRAM 000019
___xxtofl@val                  cstackCOMRAM 000011
__accesstop                    (abs)        000080
__activetblptr                 (abs)        000002
__end_of_EEPROM_ReadByte       text63       004BAA
__end_of_EEPROM_WriteByte      text62       00490C
__end_of_EEPROM_prev           text60       003674
__end_of_EEPROM_save           text59       003800
__end_of_I2C_Master_Init       text57       0045A2
__end_of_I2C_Master_Read       text55       004B80
__end_of_I2C_Master_Start      text54       004C00
__end_of_I2C_Master_Stop       text53       004BF8
__end_of_I2C_Master_Wait       text56       004BCE
__end_of_I2C_Master_Write      text52       004BF0
__end_of_LCD_LINE1_ADDR        mediumconst  00FE28
__end_of_LCD_LINE2_ADDR        mediumconst  00FE27
__end_of_LCD_LINE3_ADDR        mediumconst  00FE26
__end_of_LCD_LINE4_ADDR        mediumconst  00FE25
__end_of_LCD_SIZE_HORZ         mediumconst  00FE2A
__end_of_LCD_SIZE_VERT         mediumconst  00FE29
__end_of___aodiv               text30       003948
__end_of___aomod               text29       003CEC
__end_of___awdiv               text47       004302
__end_of___awmod               text26       004470
__end_of___fladd               text20       002C1A
__end_of___fldiv               text25       002EA2
__end_of___fleq                text24       00427E
__end_of___flge                text23       003EAA
__end_of___flmul               text22       00290E
__end_of___flneg               text21       004A2A
__end_of___flsub               text19       0047C2
__end_of___fltol               text18       004030
__end_of___fpclassifyf         text17       003F76
__end_of___lldiv               text58       004384
__end_of___wmul                text61       004ACC
__end_of___xxtofl              text3        003A88
__end_of__initialization       cinit        0046D8
__end_of_abs                   text28       0048DA
__end_of_atoi                  text37       003BC8
__end_of_backdrive             text51       0049FC
__end_of_backleft              text50       004B5C
__end_of_backright             text49       004B38
__end_of_ctoa                  text31       00469A
__end_of_dtoa                  text27       0030E4
__end_of_efgtoa                text12       001EA4
__end_of_floorf                text16       0034C6
__end_of_forward               text48       0049CC
__end_of_fputc                 text35       0044DC
__end_of_fputs                 text34       004874
__end_of_frontsensor           text46       004400
__end_of_initLCD               text41       004546
__end_of_interruptHandler      intcode_body 003DDA
__end_of_isalpha               text10       0048A8
__end_of_isdigit               text39       00499C
__end_of_islower               text9        00493C
__end_of_isspace               text38       004800
__end_of_isupper               text14       00496C
__end_of_keys                  mediumconst  00FE24
__end_of_lcdInst               text42       004BE6
__end_of_left                  text40       004B14
__end_of_main                  text0        0014D6
__end_of_pad                   text32       004168
__end_of_printf                text4        004AA6
__end_of_pulse_e               text45       004A7E
__end_of_putch                 text36       004BDA
__end_of_readADC               text2        0041F4
__end_of_right                 text1        004AF0
__end_of_send_byte             text43       004BBC
__end_of_send_nibble           text44       004B96
__end_of_strcpy                text15       00464C
__end_of_strlen                text33       004A54
__end_of_strncmp               text11       0040D2
__end_of_tolower               text13       004732
__end_of_toupper               text8        00477C
__end_of_vfpfcnvrt             text6        0025BC
__end_of_vfprintf              text5        0045F8
__end_of_xtoa                  text7        003310
__initialization               cinit        00469A
__mediumconst                  mediumconst  00FE12
__pbssBANK0                    bssBANK0     0000F0
__pbssBANK1                    bssBANK1     000100
__pbssCOMRAM                   bssCOMRAM    000066
__pcinit                       cinit        00469A
__pcstackBANK0                 cstackBANK0  000080
__pcstackBANK1                 cstackBANK1  00015F
__pcstackCOMRAM                cstackCOMRAM 000001
__pdataBANK1                   dataBANK1    0001A0
__pidataBANK1                  idataBANK1   004800
__pintcode                     intcode      000008
__pintcode_body                intcode_body 003CEC
__pmediumconst                 mediumconst  00FE12
__ptext0                       text0        000012
__ptext1                       text1        004ACC
__ptext10                      text10       004874
__ptext11                      text11       004030
__ptext12                      text12       0014D6
__ptext13                      text13       0046E6
__ptext14                      text14       00493C
__ptext15                      text15       0045F8
__ptext16                      text16       003310
__ptext17                      text17       003EAA
__ptext18                      text18       003F76
__ptext19                      text19       00477C
__ptext2                       text2        004168
__ptext20                      text20       00290E
__ptext21                      text21       0049FC
__ptext22                      text22       0025BC
__ptext23                      text23       003DDA
__ptext24                      text24       0041F4
__ptext25                      text25       002C1A
__ptext26                      text26       004400
__ptext27                      text27       002EA2
__ptext28                      text28       0048A8
__ptext29                      text29       003BC8
__ptext3                       text3        003948
__ptext30                      text30       003800
__ptext31                      text31       00464C
__ptext32                      text32       0040D2
__ptext33                      text33       004A2A
__ptext34                      text34       00483C
__ptext35                      text35       004470
__ptext36                      text36       004BCE
__ptext37                      text37       003A88
__ptext38                      text38       0047C2
__ptext39                      text39       00496C
__ptext4                       text4        004A7E
__ptext40                      text40       004AF0
__ptext41                      text41       0044DC
__ptext42                      text42       004BDA
__ptext43                      text43       004BAA
__ptext44                      text44       004B80
__ptext45                      text45       004A54
__ptext46                      text46       004384
__ptext47                      text47       00427E
__ptext48                      text48       00499C
__ptext49                      text49       004B14
__ptext5                       text5        0045A2
__ptext50                      text50       004B38
__ptext51                      text51       0049CC
__ptext52                      text52       004BE6
__ptext53                      text53       004BF0
__ptext54                      text54       004BF8
__ptext55                      text55       004B5C
__ptext56                      text56       004BBC
__ptext57                      text57       004546
__ptext58                      text58       004302
__ptext59                      text59       003674
__ptext6                       text6        001EA4
__ptext60                      text60       0034C6
__ptext61                      text61       004AA6
__ptext62                      text62       0048DA
__ptext63                      text63       004B96
__ptext7                       text7        0030E4
__ptext8                       text8        004732
__ptext9                       text9        00490C
__ramtop                       ramtop       001000
__size_of_EEPROM_ReadByte      (abs)        000000
__size_of_EEPROM_WriteByte     (abs)        000000
__size_of_EEPROM_prev          (abs)        000000
__size_of_EEPROM_save          (abs)        000000
__size_of_I2C_Master_Init      (abs)        000000
__size_of_I2C_Master_Read      (abs)        000000
__size_of_I2C_Master_Start     (abs)        000000
__size_of_I2C_Master_Stop      (abs)        000000
__size_of_I2C_Master_Wait      (abs)        000000
__size_of_I2C_Master_Write     (abs)        000000
__size_of___aodiv              (abs)        000000
__size_of___aomod              (abs)        000000
__size_of___awdiv              (abs)        000000
__size_of___awmod              (abs)        000000
__size_of___fladd              (abs)        000000
__size_of___fldiv              (abs)        000000
__size_of___fleq               (abs)        000000
__size_of___flge               (abs)        000000
__size_of___flmul              (abs)        000000
__size_of___flneg              (abs)        000000
__size_of___flsub              (abs)        000000
__size_of___fltol              (abs)        000000
__size_of___fpclassifyf        (abs)        000000
__size_of___lldiv              (abs)        000000
__size_of___wmul               (abs)        000000
__size_of___xxtofl             (abs)        000000
__size_of_abs                  (abs)        000000
__size_of_atoi                 (abs)        000000
__size_of_backdrive            (abs)        000000
__size_of_backleft             (abs)        000000
__size_of_backright            (abs)        000000
__size_of_ctoa                 (abs)        000000
__size_of_dtoa                 (abs)        000000
__size_of_efgtoa               (abs)        000000
__size_of_floorf               (abs)        000000
__size_of_forward              (abs)        000000
__size_of_fputc                (abs)        000000
__size_of_fputs                (abs)        000000
__size_of_frontsensor          (abs)        000000
__size_of_initLCD              (abs)        000000
__size_of_interruptHandler     (abs)        000000
__size_of_isalpha              (abs)        000000
__size_of_isdigit              (abs)        000000
__size_of_islower              (abs)        000000
__size_of_isspace              (abs)        000000
__size_of_isupper              (abs)        000000
__size_of_lcdInst              (abs)        000000
__size_of_left                 (abs)        000000
__size_of_main                 (abs)        000000
__size_of_pad                  (abs)        000000
__size_of_printf               (abs)        000000
__size_of_pulse_e              (abs)        000000
__size_of_putch                (abs)        000000
__size_of_readADC              (abs)        000000
__size_of_right                (abs)        000000
__size_of_send_byte            (abs)        000000
__size_of_send_nibble          (abs)        000000
__size_of_strcpy               (abs)        000000
__size_of_strlen               (abs)        000000
__size_of_strncmp              (abs)        000000
__size_of_tolower              (abs)        000000
__size_of_toupper              (abs)        000000
__size_of_vfpfcnvrt            (abs)        000000
__size_of_vfprintf             (abs)        000000
__size_of_xtoa                 (abs)        000000
__smallconst                   smallconst   000000
_abs                           text28       0048A8
_atoi                          text37       003A88
_atoi$1876                     cstackCOMRAM 00001A
_atoi$1877                     cstackCOMRAM 00001E
_atoi$1878                     cstackCOMRAM 00001C
_backdrive                     text51       0049CC
_backleft                      text50       004B38
_backright                     text49       004B14
_balls                         bssBANK1     000104
_ctoa                          text31       00464C
_dbuf                          bssBANK1     00010F
_dtoa                          text27       002EA2
_dtoa$1336                     cstackCOMRAM 00003C
_efgtoa                        text12       0014D6
_efgtoa$1359                   cstackBANK0  000084
_efgtoa$1360                   cstackBANK0  000086
_efgtoa$1364                   cstackBANK0  000088
_efgtoa$1368                   cstackBANK0  00008A
_efgtoa$1369                   cstackBANK0  00008C
_efgtoa$1370                   cstackBANK0  00008E
_exit_key                      bssBANK1     00010C
_flags                         bssCOMRAM    000072
_floorf                        text16       003310
_forward                       text48       00499C
_fputc                         text35       004470
_fputs                         text34       00483C
_frontsensor                   text46       004384
_initLCD                       text41       0044DC
_interruptHandler              intcode      000008
_isalpha                       text10       004874
_isdigit                       text39       00496C
_islower                       text9        00490C
_isspace                       text38       0047C2
_isspace$1916                  cstackCOMRAM 000011
_isupper                       text14       00493C
_key_was_pressed               bssBANK1     00010E
_keypress                      bssBANK1     00010A
_keys                          mediumconst  00FE13
_lcdInst                       text42       004BDA
_left                          text40       004AF0
_main                          text0        000012
_nout                          bssBANK0     0000F0
_pad                           text32       0040D2
_prec                          bssCOMRAM    000070
_printf                        text4        004A7E
_pulse_e                       text45       004A54
_putch                         text36       004BCE
_readADC                       text2        004168
_right                         text1        004ACC
_send_byte                     text43       004BAA
_send_nibble                   text44       004B80
_start                         bssBANK1     00010B
_strcpy                        text15       0045F8
_strlen                        text33       004A2A
_strncmp                       text11       004030
_time                          bssBANK1     000108
_timer                         bssBANK1     000100
_tolower                       text13       0046E6
_tolower$1990                  cstackCOMRAM 000017
_toupper                       text8        004732
_toupper$2005                  cstackCOMRAM 000017
_vfpfcnvrt                     text6        001EA4
_vfpfcnvrt$1395                cstackBANK0  0000D0
_vfpfcnvrt$1396                cstackBANK0  0000D2
_vfpfcnvrt$1402                cstackBANK0  0000D4
_vfprintf                      text5        0045A2
_width                         bssCOMRAM    00006E
_xtoa                          text7        0030E4
_xtoa$1380                     cstackCOMRAM 00003D
_xtoa$1381                     cstackCOMRAM 00003F
abs@a                          cstackCOMRAM 00001D
atoi@n                         cstackCOMRAM 00001F
atoi@neg                       cstackCOMRAM 000018
atoi@s                         cstackCOMRAM 000012
btemp                          temp         000074
ctoa@c                         cstackCOMRAM 00002C
ctoa@fp                        cstackCOMRAM 00002A
ctoa@w                         cstackCOMRAM 00002D
dtoa@d                         cstackCOMRAM 00002C
dtoa@fp                        cstackCOMRAM 00002A
dtoa@i                         cstackCOMRAM 00004C
dtoa@n                         cstackCOMRAM 000044
dtoa@p                         cstackCOMRAM 00003E
dtoa@s                         cstackCOMRAM 000042
dtoa@w                         cstackCOMRAM 000040
efgtoa@c                       cstackCOMRAM 000058
efgtoa@d                       cstackBANK0  000098
efgtoa@e                       cstackBANK0  0000B0
efgtoa@f                       cstackCOMRAM 000054
efgtoa@fp                      cstackCOMRAM 000052
efgtoa@g                       cstackBANK0  0000AC
efgtoa@h                       cstackBANK0  0000A2
efgtoa@i                       cstackBANK0  0000AA
efgtoa@l                       cstackBANK0  0000A6
efgtoa@m                       cstackBANK0  000094
efgtoa@mode                    cstackBANK0  0000A1
efgtoa@n                       cstackBANK0  0000B2
efgtoa@ne                      cstackBANK0  000096
efgtoa@nmode                   cstackBANK0  00009E
efgtoa@ou                      cstackBANK0  000080
efgtoa@p                       cstackBANK0  00009C
efgtoa@pp                      cstackBANK0  000092
efgtoa@sign                    cstackBANK0  00009A
efgtoa@t                       cstackBANK0  000090
efgtoa@u                       cstackBANK0  0000B4
efgtoa@w                       cstackBANK0  00009F
end_of_initialization          cinit        0046D8
floorf@F524                    bssCOMRAM    000066
floorf@e                       cstackCOMRAM 000046
floorf@m                       cstackCOMRAM 000042
floorf@u                       cstackCOMRAM 000048
floorf@x                       cstackCOMRAM 000038
fputc@c                        cstackCOMRAM 00000F
fputc@fp                       cstackCOMRAM 000011
fputs@c                        cstackCOMRAM 00001C
fputs@fp                       cstackCOMRAM 00001A
fputs@i                        cstackCOMRAM 00001D
fputs@s                        cstackCOMRAM 000018
frontsensor@front              cstackCOMRAM 00001B
frontsensor@time               cstackCOMRAM 000019
int$flags                      temp         000074
int_func                       intcode_body 003CEC
interruptHandler@i             cstackCOMRAM 000009
intlevel0                      text         000000
intlevel1                      text         000000
intlevel2                      text         000000
intlevel3                      text         000000
isalpha@c                      cstackCOMRAM 00000B
isdigit@c                      cstackCOMRAM 00000B
islower@c                      cstackCOMRAM 00000B
isspace@c                      cstackCOMRAM 00000B
isupper@c                      cstackCOMRAM 00000B
lcdInst@data                   cstackCOMRAM 00000E
main@Distance                  cstackBANK1  00019C
main@back                      cstackBANK1  000163
main@circ                      cstackBANK1  00017B
main@clear                     cstackBANK1  000192
main@clock                     cstackBANK1  000169
main@compare                   cstackBANK1  000176
main@count                     cstackBANK1  00019A
main@countl                    cstackBANK1  00015F
main@countr                    cstackBANK1  000161
main@dispense                  cstackBANK1  000170
main@front                     cstackBANK1  000194
main@j                         cstackBANK1  00017A
main@keypress                  cstackBANK1  000181
main@lefty                     cstackBANK1  00018C
main@miniClear                 cstackBANK1  00017F
main@miniState                 cstackBANK1  000184
main@miniTick                  cstackBANK1  000172
main@now                       cstackBANK1  000165
main@number_pressed            cstackBANK1  000167
main@number_pressed_1025       cstackBANK1  000178
main@prev                      cstackBANK1  00018A
main@prev2                     cstackBANK1  000182
main@righty                    cstackBANK1  00018E
main@state                     cstackBANK1  000190
main@statleft                  cstackBANK1  000188
main@statright                 cstackBANK1  000186
main@tick                      cstackBANK1  000174
main@x                         cstackBANK1  000196
pad@buf                        cstackCOMRAM 000021
pad@fp                         cstackCOMRAM 00001F
pad@i                          cstackCOMRAM 000026
pad@p                          cstackCOMRAM 000023
pad@w                          cstackCOMRAM 000028
printf@ap                      cstackBANK0  0000EE
printf@fmt                     cstackBANK0  0000E4
pulse_e@interruptState         cstackCOMRAM 00000B
putch@data                     cstackCOMRAM 00000E
readADC@channel                cstackCOMRAM 00003E
send_byte@data                 cstackCOMRAM 00000D
send_nibble@data               cstackCOMRAM 00000C
stackhi                        (abs)        000F7F
stacklo                        (abs)        0001DC
start                          init         00000E
start_initialization           cinit        00469A
strcpy@d                       cstackCOMRAM 000013
strcpy@dest                    cstackCOMRAM 00000B
strcpy@s                       cstackCOMRAM 000011
strcpy@src                     cstackCOMRAM 00000D
strlen@a                       cstackCOMRAM 00000D
strlen@s                       cstackCOMRAM 00000B
strncmp@_l                     cstackCOMRAM 00000B
strncmp@_r                     cstackCOMRAM 00000D
strncmp@l                      cstackCOMRAM 000012
strncmp@n                      cstackCOMRAM 00000F
strncmp@r                      cstackCOMRAM 000014
tolower@c                      cstackCOMRAM 000011
toupper@c                      cstackCOMRAM 000011
ttemp5                         temp         000075
ttemp6                         temp         000078
ttemp7                         temp         00007C
vfpfcnvrt@ap                   cstackBANK0  0000BC
vfpfcnvrt@c                    cstackBANK0  0000DD
vfpfcnvrt@ct                   cstackBANK0  0000DA
vfpfcnvrt@done                 cstackBANK0  0000CE
vfpfcnvrt@f                    cstackBANK0  0000D6
vfpfcnvrt@fmt                  cstackBANK0  0000BA
vfpfcnvrt@fp                   cstackBANK0  0000B8
vfpfcnvrt@ll                   cstackBANK0  0000BE
vfpfcnvrt@llu                  cstackBANK0  0000C6
vfprintf@ap                    cstackBANK0  0000E2
vfprintf@cfmt                  cstackCOMRAM 000062
vfprintf@fmt                   cstackBANK0  0000E0
vfprintf@fp                    cstackBANK0  0000DE
wtemp8                         temp         000075
xtoa@c                         cstackCOMRAM 00004F
xtoa@d                         cstackCOMRAM 00002C
xtoa@fp                        cstackCOMRAM 00002A
xtoa@i                         cstackCOMRAM 00004D
xtoa@n                         cstackCOMRAM 000045
xtoa@p                         cstackCOMRAM 000041
xtoa@w                         cstackCOMRAM 000043
xtoa@x                         cstackCOMRAM 000034


FUNCTION INFORMATION:

 *************** function _main *****************
 Defined at:
		line 53 in file "main.c"
 Parameters:    Size  Location     Type
		None
 Auto vars:     Size  Location     Type
  miniState       2   37[BANK1 ] int 
  miniClear       2   32[BANK1 ] int 
  number_press    2   25[BANK1 ] int 
  miniTick        2   19[BANK1 ] int 
  keypress        1   34[BANK1 ] unsigned char 
  number_press    2    8[BANK1 ] int 
  j               1   27[BANK1 ] unsigned char 
  clock           7   10[BANK1 ] unsigned char [7]
  Distance        4   61[BANK1 ] float 
  x               4   55[BANK1 ] float 
  circ            4   28[BANK1 ] float 
  count           2   59[BANK1 ] int 
  front           2   53[BANK1 ] int 
  clear           2   51[BANK1 ] int 
  state           2   49[BANK1 ] int 
  righty          2   47[BANK1 ] int 
  lefty           2   45[BANK1 ] int 
  prev            2   43[BANK1 ] int 
  statleft        2   41[BANK1 ] int 
  statright       2   39[BANK1 ] int 
  prev2           2   35[BANK1 ] int 
  compare         2   23[BANK1 ] int 
  tick            2   21[BANK1 ] int 
  dispense        2   17[BANK1 ] int 
  now             2    6[BANK1 ] int 
  back            2    4[BANK1 ] int 
  countr          2    2[BANK1 ] int 
  countl          2    0[BANK1 ] int 
  num             2    0        int 
 Return value:  Size  Location     Type
                  1    wreg      void 
 Registers used:
		wreg, fsr1l, fsr1h, fsr2l, fsr2h, status,2, status,0, tblptrl, tblptrh, tblptru, prodl, prodh, cstack
 Tracked objects:
		On entry : 
		On exit  : 
		Unchanged: 
 Data sizes:     COMRAM   BANK0   BANK1   BANK2   BANK3   BANK4   BANK5   BANK6   BANK7   BANK8   BANK9  BANK10  BANK11  BANK12  BANK13  BANK14  BANK15
      Params:         0       0       0       0       0       0       0       0       0       0       0       0       0       0       0       0       0
      Locals:         0       0      65       0       0       0       0       0       0       0       0       0       0       0       0       0       0
      Temps:          2       0       0       0       0       0       0       0       0       0       0       0       0       0       0       0       0
      Totals:         2       0      65       0       0       0       0       0       0       0       0       0       0       0       0       0       0
Total ram usage:       67 bytes
 Hardware stack levels required when called:   12
 This function calls:
		_EEPROM_prev
		_EEPROM_save
		_I2C_Master_Init
		_I2C_Master_Read
		_I2C_Master_Start
		_I2C_Master_Stop
		_I2C_Master_Write
		___awmod
		___fladd
		___fldiv
		___flge
		___flmul
		___flsub
		___fltol
		___xxtofl
		_backdrive
		_backleft
		_backright
		_forward
		_frontsensor
		_initLCD
		_lcdInst
		_left
		_printf
		_readADC
		_right
 This function is called by:
		Startup code after reset
 This function uses a non-reentrant model


 *************** function _right *****************
 Defined at:
		line 651 in file "main.c"
 Parameters:    Size  Location     Type
		None
 Auto vars:     Size  Location     Type
		None
 Return value:  Size  Location     Type
                  1    wreg      void 
 Registers used:
		wreg
 Tracked objects:
		On entry : 
		On exit  : 
		Unchanged: 
 Data sizes:     COMRAM   BANK0   BANK1   BANK2   BANK3   BANK4   BANK5   BANK6   BANK7   BANK8   BANK9  BANK10  BANK11  BANK12  BANK13  BANK14  BANK15
      Params:         0       0       0       0       0       0       0       0       0       0       0       0       0       0       0       0       0
      Locals:         0       0       0       0       0       0       0       0       0       0       0       0       0       0       0       0       0
      Temps:          1       0       0       0       0       0       0       0       0       0       0       0       0       0       0       0       0
      Totals:         1       0       0       0       0       0       0       0       0       0       0       0       0       0       0       0       0
Total ram usage:        1 bytes
 Hardware stack levels used:    1
 Hardware stack levels required when called:    1
 This function calls:
		Nothing
 This function is called by:
		_main
 This function uses a non-reentrant model


 *************** function _readADC *****************
 Defined at:
		line 755 in file "main.c"
 Parameters:    Size  Location     Type
  channel         1    wreg     unsigned char 
 Auto vars:     Size  Location     Type
  channel         1   61[COMRAM] unsigned char 
 Return value:  Size  Location     Type
                  4   55[COMRAM] float 
 Registers used:
		wreg, status,2, status,0, prodl, prodh, cstack
 Tracked objects:
		On entry : 
		On exit  : 
		Unchanged: 
 Data sizes:     COMRAM   BANK0   BANK1   BANK2   BANK3   BANK4   BANK5   BANK6   BANK7   BANK8   BANK9  BANK10  BANK11  BANK12  BANK13  BANK14  BANK15
      Params:         4       0       0       0       0       0       0       0       0       0       0       0       0       0       0       0       0
      Locals:         1       0       0       0       0       0       0       0       0       0       0       0       0       0       0       0       0
      Temps:          2       0       0       0       0       0       0       0       0       0       0       0       0       0       0       0       0
      Totals:         7       0       0       0       0       0       0       0       0       0       0       0       0       0       0       0       0
Total ram usage:        7 bytes
 Hardware stack levels used:    1
 Hardware stack levels required when called:    2
 This function calls:
		___fldiv
		___wmul
		___xxtofl
 This function is called by:
		_main
 This function uses a non-reentrant model


 *************** function ___xxtofl *****************
 Defined at:
		line 10 in file "/Applications/microchip/xc8/v2.05/pic/sources/c99/common/xxtofl.c"
 Parameters:    Size  Location     Type
  sign            1    wreg     unsigned char 
  val             4   16[COMRAM] long 
 Auto vars:     Size  Location     Type
  sign            1   24[COMRAM] unsigned char 
  arg             4   26[COMRAM] unsigned long 
  exp             1   25[COMRAM] unsigned char 
 Return value:  Size  Location     Type
                  4   16[COMRAM] unsigned char 
 Registers used:
		wreg, status,2, status,0
 Tracked objects:
		On entry : 
		On exit  : 
		Unchanged: 
 Data sizes:     COMRAM   BANK0   BANK1   BANK2   BANK3   BANK4   BANK5   BANK6   BANK7   BANK8   BANK9  BANK10  BANK11  BANK12  BANK13  BANK14  BANK15
      Params:         4       0       0       0       0       0       0       0       0       0       0       0       0       0       0       0       0
      Locals:         6       0       0       0       0       0       0       0       0       0       0       0       0       0       0       0       0
      Temps:          4       0       0       0       0       0       0       0       0       0       0       0       0       0       0       0       0
      Totals:        14       0       0       0       0       0       0       0       0       0       0       0       0       0       0       0       0
Total ram usage:       14 bytes
 Hardware stack levels used:    1
 Hardware stack levels required when called:    1
 This function calls:
		Nothing
 This function is called by:
		_main
		_readADC
 This function uses a non-reentrant model


 *************** function _printf *****************
 Defined at:
		line 5 in file "/Applications/microchip/xc8/v2.05/pic/sources/c99/common/printf.c"
 Parameters:    Size  Location     Type
  fmt             2  100[BANK0 ] PTR const unsigned char 
		 -> STR_51(10), STR_50(14), STR_49(11), STR_48(12), 
		 -> STR_47(10), STR_46(15), STR_45(14), STR_44(12), 
		 -> STR_43(10), STR_42(15), STR_41(12), STR_40(8), 
		 -> STR_39(13), STR_38(7), STR_37(14), STR_36(9), 
		 -> STR_35(7), STR_34(14), STR_33(15), STR_32(12), 
		 -> STR_31(16), STR_30(9), STR_29(9), STR_28(11), 
		 -> STR_27(13), STR_26(15), STR_25(11), STR_24(15), 
		 -> STR_23(12), STR_22(15), STR_21(13), STR_20(11), 
		 -> STR_19(10), STR_18(10), STR_17(10), STR_16(11), 
		 -> STR_15(11), STR_14(11), STR_13(10), STR_12(9), 
		 -> STR_11(8), STR_10(11), STR_9(16), STR_8(5), 
		 -> STR_7(16), STR_6(7), STR_5(11), STR_4(11), 
		 -> STR_3(15), STR_2(15), STR_1(11), 
 Auto vars:     Size  Location     Type
  ap              2  110[BANK0 ] PTR void [1]
		 -> ?_printf(2), 
  ret             2    0        int 
 Return value:  Size  Location     Type
                  2  100[BANK0 ] int 
 Registers used:
		wreg, fsr1l, fsr1h, fsr2l, fsr2h, status,2, status,0, tblptrl, tblptrh, tblptru, prodl, prodh, cstack
 Tracked objects:
		On entry : 
		On exit  : 
		Unchanged: 
 Data sizes:     COMRAM   BANK0   BANK1   BANK2   BANK3   BANK4   BANK5   BANK6   BANK7   BANK8   BANK9  BANK10  BANK11  BANK12  BANK13  BANK14  BANK15
      Params:         0       8       0       0       0       0       0       0       0       0       0       0       0       0       0       0       0
      Locals:         0       4       0       0       0       0       0       0       0       0       0       0       0       0       0       0       0
      Temps:          0       0       0       0       0       0       0       0       0       0       0       0       0       0       0       0       0
      Totals:         0      12       0       0       0       0       0       0       0       0       0       0       0       0       0       0       0
Total ram usage:       12 bytes
 Hardware stack levels used:    1
 Hardware stack levels required when called:   11
 This function calls:
		_vfprintf
 This function is called by:
		_main
 This function uses a non-reentrant model


 *************** function _vfprintf *****************
 Defined at:
		line 1368 in file "/Applications/microchip/xc8/v2.05/pic/sources/c99/common/doprnt.c"
 Parameters:    Size  Location     Type
  fp              2   94[BANK0 ] PTR struct _IO_FILE
		 -> NULL(0), 
  fmt             2   96[BANK0 ] PTR const unsigned char 
		 -> STR_51(10), STR_50(14), STR_49(11), STR_48(12), 
		 -> STR_47(10), STR_46(15), STR_45(14), STR_44(12), 
		 -> STR_43(10), STR_42(15), STR_41(12), STR_40(8), 
		 -> STR_39(13), STR_38(7), STR_37(14), STR_36(9), 
		 -> STR_35(7), STR_34(14), STR_33(15), STR_32(12), 
		 -> STR_31(16), STR_30(9), STR_29(9), STR_28(11), 
		 -> STR_27(13), STR_26(15), STR_25(11), STR_24(15), 
		 -> STR_23(12), STR_22(15), STR_21(13), STR_20(11), 
		 -> STR_19(10), STR_18(10), STR_17(10), STR_16(11), 
		 -> STR_15(11), STR_14(11), STR_13(10), STR_12(9), 
		 -> STR_11(8), STR_10(11), STR_9(16), STR_8(5), 
		 -> STR_7(16), STR_6(7), STR_5(11), STR_4(11), 
		 -> STR_3(15), STR_2(15), STR_1(11), 
  ap              2   98[BANK0 ] PTR PTR void 
		 -> printf@ap(2), 
 Auto vars:     Size  Location     Type
  cfmt            2   97[COMRAM] PTR unsigned char 
		 -> STR_51(10), STR_50(14), STR_49(11), STR_48(12), 
		 -> STR_47(10), STR_46(15), STR_45(14), STR_44(12), 
		 -> STR_43(10), STR_42(15), STR_41(12), STR_40(8), 
		 -> STR_39(13), STR_38(7), STR_37(14), STR_36(9), 
		 -> STR_35(7), STR_34(14), STR_33(15), STR_32(12), 
		 -> STR_31(16), STR_30(9), STR_29(9), STR_28(11), 
		 -> STR_27(13), STR_26(15), STR_25(11), STR_24(15), 
		 -> STR_23(12), STR_22(15), STR_21(13), STR_20(11), 
		 -> STR_19(10), STR_18(10), STR_17(10), STR_16(11), 
		 -> STR_15(11), STR_14(11), STR_13(10), STR_12(9), 
		 -> STR_11(8), STR_10(11), STR_9(16), STR_8(5), 
		 -> STR_7(16), STR_6(7), STR_5(11), STR_4(11), 
[...]
Total ram usage:        8 bytes
 Hardware stack levels used:    1
 Hardware stack levels required when called:    2
 This function calls:
		___lldiv
 This function is called by:
		_main
 This function uses a non-reentrant model


 *************** function ___lldiv *****************
 Defined at:
		line 7 in file "/Applications/microchip/xc8/v2.05/pic/sources/c99/common/__lldiv.c"
 Parameters:    Size  Location     Type
  dividend        4   10[COMRAM] unsigned long 
  divisor         4   14[COMRAM] unsigned long 
 Auto vars:     Size  Location     Type
  quotient        4   18[COMRAM] unsigned long 
  counter         1   22[COMRAM] unsigned char 
 Return value:  Size  Location     Type
                  4   10[COMRAM] unsigned long 
 Registers used:
		wreg, status,2, status,0
 Tracked objects:
		On entry : 
		On exit  : 
		Unchanged: 
 Data sizes:     COMRAM   BANK0   BANK1   BANK2   BANK3   BANK4   BANK5   BANK6   BANK7   BANK8   BANK9  BANK10  BANK11  BANK12  BANK13  BANK14  BANK15
      Params:         8       0       0       0       0       0       0       0       0       0       0       0       0       0       0       0       0
      Locals:         5       0       0       0       0       0       0       0       0       0       0       0       0       0       0       0       0
      Temps:          0       0       0       0       0       0       0       0       0       0       0       0       0       0       0       0       0
      Totals:        13       0       0       0       0       0       0       0       0       0       0       0       0       0       0       0       0
Total ram usage:       13 bytes
 Hardware stack levels used:    1
 Hardware stack levels required when called:    1
 This function calls:
		Nothing
 This function is called by:
		_I2C_Master_Init
 This function uses a non-reentrant model


 *************** function _EEPROM_save *****************
 Defined at:
		line 797 in file "main.c"
 Parameters:    Size  Location     Type
		None
 Auto vars:     Size  Location     Type
  loop            2   26[COMRAM] int 
  loop            2   24[COMRAM] int 
  loop            2   22[COMRAM] int 
  shift           2   28[COMRAM] int 
  temp            2   20[COMRAM] int 
  x               2   18[COMRAM] int 
 Return value:  Size  Location     Type
                  1    wreg      void 
 Registers used:
		wreg, fsr2l, fsr2h, status,2, status,0, prodl, prodh, cstack
 Tracked objects:
		On entry : 
		On exit  : 
		Unchanged: 
 Data sizes:     COMRAM   BANK0   BANK1   BANK2   BANK3   BANK4   BANK5   BANK6   BANK7   BANK8   BANK9  BANK10  BANK11  BANK12  BANK13  BANK14  BANK15
      Params:         0       0       0       0       0       0       0       0       0       0       0       0       0       0       0       0       0
      Locals:        12       0       0       0       0       0       0       0       0       0       0       0       0       0       0       0       0
      Temps:          2       0       0       0       0       0       0       0       0       0       0       0       0       0       0       0       0
      Totals:        14       0       0       0       0       0       0       0       0       0       0       0       0       0       0       0       0
Total ram usage:       14 bytes
 Hardware stack levels used:    1
 Hardware stack levels required when called:    2
 This function calls:
		_EEPROM_ReadByte
		_EEPROM_WriteByte
		___wmul
 This function is called by:
		_main
 This function uses a non-reentrant model


 *************** function _EEPROM_prev *****************
 Defined at:
		line 840 in file "main.c"
 Parameters:    Size  Location     Type
  trial           2   16[COMRAM] int 
 Auto vars:     Size  Location     Type
  loop            2   26[COMRAM] int 
  loop            2   24[COMRAM] int 
  loop            2   22[COMRAM] int 
  shift           2   30[COMRAM] int 
  x               2   28[COMRAM] int 
  temp            2   20[COMRAM] int 
 Return value:  Size  Location     Type
                  1    wreg      void 
 Registers used:
		wreg, fsr2l, fsr2h, status,2, status,0, prodl, prodh, cstack
 Tracked objects:
		On entry : 
		On exit  : 
		Unchanged: 
 Data sizes:     COMRAM   BANK0   BANK1   BANK2   BANK3   BANK4   BANK5   BANK6   BANK7   BANK8   BANK9  BANK10  BANK11  BANK12  BANK13  BANK14  BANK15
      Params:         2       0       0       0       0       0       0       0       0       0       0       0       0       0       0       0       0
      Locals:        12       0       0       0       0       0       0       0       0       0       0       0       0       0       0       0       0
      Temps:          2       0       0       0       0       0       0       0       0       0       0       0       0       0       0       0       0
      Totals:        16       0       0       0       0       0       0       0       0       0       0       0       0       0       0       0       0
Total ram usage:       16 bytes
 Hardware stack levels used:    1
 Hardware stack levels required when called:    2
 This function calls:
		_EEPROM_ReadByte
		_EEPROM_WriteByte
		___wmul
 This function is called by:
		_main
 This function uses a non-reentrant model


 *************** function ___wmul *****************
 Defined at:
		line 15 in file "/Applications/microchip/xc8/v2.05/pic/sources/c99/common/Umul16.c"
 Parameters:    Size  Location     Type
  multiplier      2   10[COMRAM] unsigned int 
  multiplicand    2   12[COMRAM] unsigned int 
 Auto vars:     Size  Location     Type
  product         2   14[COMRAM] unsigned int 
 Return value:  Size  Location     Type
                  2   10[COMRAM] unsigned int 
 Registers used:
		wreg, status,2, status,0, prodl, prodh
 Tracked objects:
		On entry : 
		On exit  : 
		Unchanged: 
 Data sizes:     COMRAM   BANK0   BANK1   BANK2   BANK3   BANK4   BANK5   BANK6   BANK7   BANK8   BANK9  BANK10  BANK11  BANK12  BANK13  BANK14  BANK15
      Params:         4       0       0       0       0       0       0       0       0       0       0       0       0       0       0       0       0
      Locals:         2       0       0       0       0       0       0       0       0       0       0       0       0       0       0       0       0
      Temps:          0       0       0       0       0       0       0       0       0       0       0       0       0       0       0       0       0
      Totals:         6       0       0       0       0       0       0       0       0       0       0       0       0       0       0       0       0
Total ram usage:        6 bytes
 Hardware stack levels used:    1
 Hardware stack levels required when called:    1
 This function calls:
		Nothing
 This function is called by:
		_readADC
		_EEPROM_save
		_EEPROM_prev
		_atoi
 This function uses a non-reentrant model


 *************** function _EEPROM_WriteByte *****************
 Defined at:
		line 771 in file "main.c"
 Parameters:    Size  Location     Type
  eepromAddres    1    wreg     unsigned char 
  eepromData      1   10[COMRAM] unsigned char 
 Auto vars:     Size  Location     Type
  eepromAddres    1   11[COMRAM] unsigned char 
  gie_Status      1   12[COMRAM] unsigned char 
 Return value:  Size  Location     Type
                  1    wreg      void 
 Registers used:
		wreg, status,2
 Tracked objects:
		On entry : 
		On exit  : 
		Unchanged: 
 Data sizes:     COMRAM   BANK0   BANK1   BANK2   BANK3   BANK4   BANK5   BANK6   BANK7   BANK8   BANK9  BANK10  BANK11  BANK12  BANK13  BANK14  BANK15
      Params:         1       0       0       0       0       0       0       0       0       0       0       0       0       0       0       0       0
      Locals:         2       0       0       0       0       0       0       0       0       0       0       0       0       0       0       0       0
      Temps:          0       0       0       0       0       0       0       0       0       0       0       0       0       0       0       0       0
      Totals:         3       0       0       0       0       0       0       0       0       0       0       0       0       0       0       0       0
Total ram usage:        3 bytes
 Hardware stack levels used:    1
 Hardware stack levels required when called:    1
 This function calls:
		Nothing
 This function is called by:
		_EEPROM_save
		_EEPROM_prev
 This function uses a non-reentrant model


 *************** function _EEPROM_ReadByte *****************
 Defined at:
		line 788 in file "main.c"
 Parameters:    Size  Location     Type
  eepromAddres    1    wreg     unsigned char 
 Auto vars:     Size  Location     Type
  eepromAddres    1   10[COMRAM] unsigned char 
 Return value:  Size  Location     Type
                  1    wreg      unsigned char 
 Registers used:
		wreg, status,2
 Tracked objects:
		On entry : 
		On exit  : 
		Unchanged: 
 Data sizes:     COMRAM   BANK0   BANK1   BANK2   BANK3   BANK4   BANK5   BANK6   BANK7   BANK8   BANK9  BANK10  BANK11  BANK12  BANK13  BANK14  BANK15
      Params:         0       0       0       0       0       0       0       0       0       0       0       0       0       0       0       0       0
      Locals:         1       0       0       0       0       0       0       0       0       0       0       0       0       0       0       0       0
      Temps:          0       0       0       0       0       0       0       0       0       0       0       0       0       0       0       0       0
      Totals:         1       0       0       0       0       0       0       0       0       0       0       0       0       0       0       0       0
Total ram usage:        1 bytes
 Hardware stack levels used:    1
 Hardware stack levels required when called:    1
 This function calls:
		Nothing
 This function is called by:
		_EEPROM_save
		_EEPROM_prev
 This function uses a non-reentrant model


 *************** function _interruptHandler *****************
 Defined at:
		line 882 in file "main.c"
 Parameters:    Size  Location     Type
		None
 Auto vars:     Size  Location     Type
  i               2    8[COMRAM] int 
 Return value:  Size  Location     Type
                  1    wreg      void 
 Registers used:
		wreg, status,2, status,0, tblptrl, tblptrh, tblptru
 Tracked objects:
		On entry : 
		On exit  : 
		Unchanged: 
 Data sizes:     COMRAM   BANK0   BANK1   BANK2   BANK3   BANK4   BANK5   BANK6   BANK7   BANK8   BANK9  BANK10  BANK11  BANK12  BANK13  BANK14  BANK15
      Params:         0       0       0       0       0       0       0       0       0       0       0       0       0       0       0       0       0
      Locals:         2       0       0       0       0       0       0       0       0       0       0       0       0       0       0       0       0
      Temps:          8       0       0       0       0       0       0       0       0       0       0       0       0       0       0       0       0
      Totals:        10       0       0       0       0       0       0       0       0       0       0       0       0       0       0       0       0
Total ram usage:       10 bytes
 Hardware stack levels used:    1
 This function calls:
		Nothing
 This function is called by:
		Interrupt level 2
 This function uses a non-reentrant model



MODULE INFORMATION

Module		Function		Class		Link	Load	Size
/Applications/microchip/xc8/v2.05/pic/sources/c99/common/flge.c
		___flge        		CODE           	3DDA	0000	209

/Applications/microchip/xc8/v2.05/pic/sources/c99/common/flge.c estimated size: 209

/Applications/microchip/xc8/v2.05/pic/sources/c99/common/xxtofl.c
		___xxtofl      		CODE           	3948	0000	321

/Applications/microchip/xc8/v2.05/pic/sources/c99/common/xxtofl.c estimated size: 321

/Applications/microchip/xc8/v2.05/pic/sources/c99/common/strlen.c
		_strlen        		CODE           	4A2A	0000	43

/Applications/microchip/xc8/v2.05/pic/sources/c99/common/strlen.c estimated size: 43

/Applications/microchip/xc8/v2.05/pic/sources/c99/common/strcpy.c
		_strcpy        		CODE           	45F8	0000	85

/Applications/microchip/xc8/v2.05/pic/sources/c99/common/strcpy.c estimated size: 85

/Applications/microchip/xc8/v2.05/pic/sources/c99/common/aodiv.c
		___aodiv       		CODE           	3800	0000	329

/Applications/microchip/xc8/v2.05/pic/sources/c99/common/aodiv.c estimated size: 329

/Applications/microchip/xc8/v2.05/pic/sources/c99/common/nf_fputs.c
		_fputs         		CODE           	483C	0000	57

/Applications/microchip/xc8/v2.05/pic/sources/c99/common/nf_fputs.c estimated size: 57

/Applications/microchip/xc8/v2.05/pic/sources/c99/common/isupper.c
		_isupper       		CODE           	493C	0000	49

/Applications/microchip/xc8/v2.05/pic/sources/c99/common/isupper.c estimated size: 49

/Applications/microchip/xc8/v2.05/pic/sources/c99/common/awdiv.c
		___awdiv       		CODE           	427E	0000	133

/Applications/microchip/xc8/v2.05/pic/sources/c99/common/awdiv.c estimated size: 133

I2C.c
		_I2C_Master_Read		CODE           	4B5C	0000	37
		_I2C_Master_Wait		CODE           	4BBC	0000	19
		_I2C_Master_Init		CODE           	4546	0000	93
		_I2C_Master_Stop		CODE           	4BF0	0000	9
		_I2C_Master_Write		CODE           	4BE6	0000	11
		_I2C_Master_Start		CODE           	4BF8	0000	9

I2C.c estimated size: 178

/Applications/microchip/xc8/v2.05/pic/sources/c99/common/fltol.c
		___fltol       		CODE           	3F76	0000	187

/Applications/microchip/xc8/v2.05/pic/sources/c99/common/fltol.c estimated size: 187

/Applications/microchip/xc8/v2.05/pic/sources/c99/common/doprnt.c
		_vfpfcnvrt     		CODE           	1EA4	0000	1817
		_efgtoa        		CODE           	14D6	0000	2511
		_pad           		CODE           	40D2	0000	151
		_ctoa          		CODE           	464C	0000	79
		_dtoa          		CODE           	2EA2	0000	579
		_vfprintf      		CODE           	45A2	0000	87
		_xtoa          		CODE           	30E4	0000	557

/Applications/microchip/xc8/v2.05/pic/sources/c99/common/doprnt.c estimated size: 5781

/Applications/microchip/xc8/v2.05/pic/sources/c99/common/islower.c
		_islower       		CODE           	490C	0000	49

/Applications/microchip/xc8/v2.05/pic/sources/c99/common/islower.c estimated size: 49

/Applications/microchip/xc8/v2.05/pic/sources/c99/common/strncmp.c
		_strncmp       		CODE           	4030	0000	163

/Applications/microchip/xc8/v2.05/pic/sources/c99/common/strncmp.c estimated size: 163

/Applications/microchip/xc8/v2.05/pic/sources/c99/common/tolower.c
		_tolower       		CODE           	46E6	0000	77

/Applications/microchip/xc8/v2.05/pic/sources/c99/common/tolower.c estimated size: 77

/Applications/microchip/xc8/v2.05/pic/sources/c99/common/sprcmul.c
		___flmul       		CODE           	25BC	0000	851

/Applications/microchip/xc8/v2.05/pic/sources/c99/common/sprcmul.c estimated size: 851

/Applications/microchip/xc8/v2.05/pic/sources/c99/common/abs.c
		_abs           		CODE           	48A8	0000	51

/Applications/microchip/xc8/v2.05/pic/sources/c99/common/abs.c estimated size: 51

/Applications/microchip/xc8/v2.05/pic/sources/c99/common/sprcdiv.c
		___fldiv       		CODE           	2C1A	0000	649

/Applications/microchip/xc8/v2.05/pic/sources/c99/common/sprcdiv.c estimated size: 649

/Applications/microchip/xc8/v2.05/pic/sources/c99/common/atoi.c
		_atoi          		CODE           	3A88	0000	321

/Applications/microchip/xc8/v2.05/pic/sources/c99/common/atoi.c estimated size: 321

/Applications/microchip/xc8/v2.05/pic/sources/c99/common/toupper.c
		_toupper       		CODE           	4732	0000	75

/Applications/microchip/xc8/v2.05/pic/sources/c99/common/toupper.c estimated size: 75

/Applications/microchip/xc8/v2.05/pic/sources/c99/common/fleq.c
		___fleq        		CODE           	41F4	0000	139

/Applications/microchip/xc8/v2.05/pic/sources/c99/common/fleq.c estimated size: 139

/Applications/microchip/xc8/v2.05/pic/sources/c99/common/isalpha.c
		_isalpha       		CODE           	4874	0000	53

/Applications/microchip/xc8/v2.05/pic/sources/c99/common/isalpha.c estimated size: 53

/Applications/microchip/xc8/v2.05/pic/sources/c99/common/isspace.c
		_isspace       		CODE           	47C2	0000	63

/Applications/microchip/xc8/v2.05/pic/sources/c99/common/isspace.c estimated size: 63

/Applications/microchip/xc8/v2.05/pic/sources/c99/common/__fpclassifyf.c
		___fpclassifyf 		CODE           	3EAA	0000	205

/Applications/microchip/xc8/v2.05/pic/sources/c99/common/__fpclassifyf.c estimated size: 205

shared
		_LCD_LINE1_ADDR		MEDIUMCONST    	0000	0000	0
		_LCD_LINE2_ADDR		MEDIUMCONST    	0000	0000	0
		_LCD_LINE3_ADDR		MEDIUMCONST    	0000	0000	0
		_LCD_LINE4_ADDR		MEDIUMCONST    	0000	0000	0
		_keys          		MEDIUMCONST    	FE13	0000	18
		__initialization		CODE           	469A	0000	63
		_LCD_SIZE_VERT 		MEDIUMCONST    	FE28	0000	2
		_LCD_SIZE_HORZ 		MEDIUMCONST    	FE29	0000	2

shared estimated size: 85

/Applications/microchip/xc8/v2.05/pic/sources/c99/common/flneg.c
		___flneg       		CODE           	49FC	0000	47

/Applications/microchip/xc8/v2.05/pic/sources/c99/common/flneg.c estimated size: 47

/Applications/microchip/xc8/v2.05/pic/sources/c99/common/Umul16.c
		___wmul        		CODE           	4AA6	0000	39

/Applications/microchip/xc8/v2.05/pic/sources/c99/common/Umul16.c estimated size: 39

/Applications/microchip/xc8/v2.05/pic/sources/c99/common/nf_fputc.c
		_fputc         		CODE           	4470	0000	109

/Applications/microchip/xc8/v2.05/pic/sources/c99/common/nf_fputc.c estimated size: 109

/Applications/microchip/xc8/v2.05/pic/sources/c99/common/__lldiv.c
		___lldiv       		CODE           	4302	0000	131

/Applications/microchip/xc8/v2.05/pic/sources/c99/common/__lldiv.c estimated size: 131

lcd.c
		_send_byte     		CODE           	4BAA	0000	19
		_putch         		CODE           	4BCE	0000	13
		_lcdInst       		CODE           	4BDA	0000	13
		_send_nibble   		CODE           	4B80	0000	23
		_pulse_e       		CODE           	4A54	0000	43
		_initLCD       		CODE           	44DC	0000	107

lcd.c estimated size: 218

/Applications/microchip/xc8/v2.05/pic/sources/c99/common/aomod.c
		___aomod       		CODE           	3BC8	0000	293

/Applications/microchip/xc8/v2.05/pic/sources/c99/common/aomod.c estimated size: 293

/Applications/microchip/xc8/v2.05/pic/sources/c99/common/isdigit.c
		_isdigit       		CODE           	496C	0000	49

/Applications/microchip/xc8/v2.05/pic/sources/c99/common/isdigit.c estimated size: 49

/Applications/microchip/xc8/v2.05/pic/sources/c99/common/printf.c
		_printf        		CODE           	4A7E	0000	41

/Applications/microchip/xc8/v2.05/pic/sources/c99/common/printf.c estimated size: 41

/Applications/microchip/xc8/v2.05/pic/sources/c99/common/sprcadd.c
		___flsub       		CODE           	477C	0000	71
		___fladd       		CODE           	290E	0000	781

/Applications/microchip/xc8/v2.05/pic/sources/c99/common/sprcadd.c estimated size: 852

main.c
		_backleft      		CODE           	4B38	0000	37
		_EEPROM_save   		CODE           	3674	0000	397
		_EEPROM_prev   		CODE           	34C6	0000	431
		_backright     		CODE           	4B14	0000	37
		_main          		CODE           	0012	0000	5317
		_backdrive     		CODE           	49CC	0000	49
		_EEPROM_WriteByte		CODE           	48DA	0000	51
		_forward       		CODE           	499C	0000	49
		_interruptHandler		CODE           	0008	0000	245
		_left          		CODE           	4AF0	0000	37
		_EEPROM_ReadByte		CODE           	4B96	0000	21
		_right         		CODE           	4ACC	0000	37
		_frontsensor   		CODE           	4384	0000	125
		_readADC       		CODE           	4168	0000	141

main.c estimated size: 6974

/Applications/microchip/xc8/v2.05/pic/sources/c99/common/floorf.c
		_floorf        		CODE           	3310	0000	439

/Applications/microchip/xc8/v2.05/pic/sources/c99/common/floorf.c estimated size: 439

/Applications/microchip/xc8/v2.05/pic/sources/c99/common/awmod.c
		___awmod       		CODE           	4400	0000	113

/Applications/microchip/xc8/v2.05/pic/sources/c99/common/awmod.c estimated size: 113

